00:00 +0: loading C:/flutter_projects/f35_flight_compensation/test/localization_test.dart
00:00 +0: C:/flutter_projects/f35_flight_compensation/test/localization_test.dart: Localization Tests English Localization Test
00:00 +1: C:/flutter_projects/f35_flight_compensation/test/localization_test.dart: Localization Tests English Localization Test
00:00 +2: C:/flutter_projects/f35_flight_compensation/test/localization_test.dart: Localization Tests English Localization Test
00:00 +3: C:/flutter_projects/f35_flight_compensation/test/localization_test.dart: Localization Tests English Localization Test
00:00 +4: C:/flutter_projects/f35_flight_compensation/test/localization_test.dart: Localization Tests English Localization Test
00:00 +5: C:/flutter_projects/f35_flight_compensation/test/localization_test.dart: Localization Tests English Localization Test
00:00 +6: C:/flutter_projects/f35_flight_compensation/test/localization_test.dart: Localization Tests English Localization Test
00:00 +7: C:/flutter_projects/f35_flight_compensation/test/localization_test.dart: Localization Tests English Localization Test
00:00 +8: C:/flutter_projects/f35_flight_compensation/test/localization_test.dart: Localization Tests English Localization Test
00:00 +9: C:/flutter_projects/f35_flight_compensation/test/localization_test.dart: Localization Tests English Localization Test
00:01 +10: C:/flutter_projects/f35_flight_compensation/test/localization_test.dart: Localization Tests English Localization Test
00:01 +10: C:/flutter_projects/f35_flight_compensation/test/unit/services/document_ocr_service_test.dart: DocumentOcrService Text Extraction extracts flight ticket fields correctly
Extracted fields: {flightNumber: LH1234, origin: MUC, destination: MAD, departureDate: 01 Jun 2025, passengerName: Smith}
00:01 +11: C:/flutter_projects/f35_flight_compensation/test/localization_test.dart: Localization Tests English Localization Test
00:01 +12: C:/flutter_projects/f35_flight_compensation/test/localization_test.dart: Localization Tests English Localization Test
00:01 +13: C:/flutter_projects/f35_flight_compensation/test/localization_test.dart: Localization Tests English Localization Test
00:01 +14: C:/flutter_projects/f35_flight_compensation/test/localization_test.dart: Localization Tests English Localization Test
00:01 +15: C:/flutter_projects/f35_flight_compensation/test/localization_test.dart: Localization Tests Polish Localization Test
ÔĽÉÔĽÉÔĽí EXCEPTION CAUGHT BY FLUTTER TEST FRAMEWORK ÔĽ×ÔĽÉÔĽÉÔĽÉÔĽÉÔĽÉÔĽÉÔĽÉÔĽÉÔĽÉÔĽÉÔĽÉÔĽÉÔĽÉÔĽÉÔĽÉÔĽÉÔĽÉÔĽÉÔĽÉÔĽÉÔĽÉÔĽÉÔĽÉÔĽÉÔĽÉÔĽÉÔĽÉÔĽÉÔĽÉÔĽÉÔĽÉÔĽÉÔĽÉÔĽÉÔĽÉÔĽÉÔĽÉÔĽÉÔĽÉÔĽÉÔĽÉÔĽÉÔĽÉÔĽÉÔĽÉÔĽÉÔĽÉÔĽÉÔĽÉÔĽÉÔĽÉÔĽÉ
The following TestFailure was thrown running a test:
Expected: 'Strona g┼é├│wna'
  Actual: 'Strona G┼é├│wna'
   Which: is different.
          Expected: Strona g┼é├│wna
            Actual: Strona G┼é├│wna
                           ^
           Differ at offset 7

When the exception was thrown, this was the stack:
#4      main.<anonymous closure>.<anonymous closure> (file:///C:/flutter_projects/f35_flight_compensation/test/localization_test.dart:25:7)
<asynchronous suspension>
#5      testWidgets.<anonymous closure>.<anonymous closure> (package:flutter_test/src/widget_tester.dart:193:15)
<asynchronous suspension>
#6      TestWidgetsFlutterBinding._runTestBody (package:flutter_test/src/binding.dart:1064:5)
<asynchronous suspension>
<asynchronous suspension>
(elided one frame from package:stack_trace)

This was caught by the test expectation on the following line:
  file:///C:/flutter_projects/f35_flight_compensation/test/localization_test.dart line 25
The test description was:
  Polish Localization Test
ÔĽÉÔĽÉÔĽÉÔĽÉÔĽÉÔĽÉÔĽÉÔĽÉÔĽÉÔĽÉÔĽÉÔĽÉÔĽÉÔĽÉÔĽÉÔĽÉÔĽÉÔĽÉÔĽÉÔĽÉÔĽÉÔĽÉÔĽÉÔĽÉÔĽÉÔĽÉÔĽÉÔĽÉÔĽÉÔĽÉÔĽÉÔĽÉÔĽÉÔĽÉÔĽÉÔĽÉÔĽÉÔĽÉÔĽÉÔĽÉÔĽÉÔĽÉÔĽÉÔĽÉÔĽÉÔĽÉÔĽÉÔĽÉÔĽÉÔĽÉÔĽÉÔĽÉÔĽÉÔĽÉÔĽÉÔĽÉÔĽÉÔĽÉÔĽÉÔĽÉÔĽÉÔĽÉÔĽÉÔĽÉÔĽÉÔĽÉÔĽÉÔĽÉÔĽÉÔĽÉÔĽÉÔĽÉÔĽÉÔĽÉÔĽÉÔĽÉÔĽÉÔĽÉÔĽÉÔĽÉÔĽÉÔĽÉÔĽÉÔĽÉÔĽÉÔĽÉÔĽÉÔĽÉÔĽÉÔĽÉÔĽÉÔĽÉÔĽÉÔĽÉÔĽÉÔĽÉÔĽÉÔĽÉÔĽÉÔĽÉ
00:02 +15 -1: C:/flutter_projects/f35_flight_compensation/test/localization_test.dart: Localization Tests Polish Localization Test [E]
  Test failed. See exception logs above.
  The test description was: Polish Localization Test
  
00:02 +15 -1: C:/flutter_projects/f35_flight_compensation/test/localization_test.dart: Localization Tests Portuguese Localization Test
ÔĽÉÔĽÉÔĽí EXCEPTION CAUGHT BY FLUTTER TEST FRAMEWORK ÔĽ×ÔĽÉÔĽÉÔĽÉÔĽÉÔĽÉÔĽÉÔĽÉÔĽÉÔĽÉÔĽÉÔĽÉÔĽÉÔĽÉÔĽÉÔĽÉÔĽÉÔĽÉÔĽÉÔĽÉÔĽÉÔĽÉÔĽÉÔĽÉÔĽÉÔĽÉÔĽÉÔĽÉÔĽÉÔĽÉÔĽÉÔĽÉÔĽÉÔĽÉÔĽÉÔĽÉÔĽÉÔĽÉÔĽÉÔĽÉÔĽÉÔĽÉÔĽÉÔĽÉÔĽÉÔĽÉÔĽÉÔĽÉÔĽÉÔĽÉÔĽÉÔĽÉÔĽÉ
The following TestFailure was thrown running a test:
Expected: 'Configura├ž├Áes'
  Actual: 'Defini├ž├Áes'
   Which: is different.
          Expected: Configura├ž ...
            Actual: Defini├ž├Áes ...
                    ^
           Differ at offset 0

When the exception was thrown, this was the stack:
#4      main.<anonymous closure>.<anonymous closure> (file:///C:/flutter_projects/f35_flight_compensation/test/localization_test.dart:36:7)
<asynchronous suspension>
#5      testWidgets.<anonymous closure>.<anonymous closure> (package:flutter_test/src/widget_tester.dart:193:15)
<asynchronous suspension>
#6      TestWidgetsFlutterBinding._runTestBody (package:flutter_test/src/binding.dart:1064:5)
<asynchronous suspension>
<asynchronous suspension>
(elided one frame from package:stack_trace)

This was caught by the test expectation on the following line:
  file:///C:/flutter_projects/f35_flight_compensation/test/localization_test.dart line 36
The test description was:
  Portuguese Localization Test
ÔĽÉÔĽÉÔĽÉÔĽÉÔĽÉÔĽÉÔĽÉÔĽÉÔĽÉÔĽÉÔĽÉÔĽÉÔĽÉÔĽÉÔĽÉÔĽÉÔĽÉÔĽÉÔĽÉÔĽÉÔĽÉÔĽÉÔĽÉÔĽÉÔĽÉÔĽÉÔĽÉÔĽÉÔĽÉÔĽÉÔĽÉÔĽÉÔĽÉÔĽÉÔĽÉÔĽÉÔĽÉÔĽÉÔĽÉÔĽÉÔĽÉÔĽÉÔĽÉÔĽÉÔĽÉÔĽÉÔĽÉÔĽÉÔĽÉÔĽÉÔĽÉÔĽÉÔĽÉÔĽÉÔĽÉÔĽÉÔĽÉÔĽÉÔĽÉÔĽÉÔĽÉÔĽÉÔĽÉÔĽÉÔĽÉÔĽÉÔĽÉÔĽÉÔĽÉÔĽÉÔĽÉÔĽÉÔĽÉÔĽÉÔĽÉÔĽÉÔĽÉÔĽÉÔĽÉÔĽÉÔĽÉÔĽÉÔĽÉÔĽÉÔĽÉÔĽÉÔĽÉÔĽÉÔĽÉÔĽÉÔĽÉÔĽÉÔĽÉÔĽÉÔĽÉÔĽÉÔĽÉÔĽÉÔĽÉÔĽÉ
00:02 +15 -2: C:/flutter_projects/f35_flight_compensation/test/localization_test.dart: Localization Tests Portuguese Localization Test [E]
  Test failed. See exception logs above.
  The test description was: Portuguese Localization Test
  
00:02 +15 -2: C:/flutter_projects/f35_flight_compensation/test/localization_test.dart: Localization Tests Document Processing Localization Test
ÔĽÉÔĽÉÔĽí EXCEPTION CAUGHT BY FLUTTER TEST FRAMEWORK ÔĽ×ÔĽÉÔĽÉÔĽÉÔĽÉÔĽÉÔĽÉÔĽÉÔĽÉÔĽÉÔĽÉÔĽÉÔĽÉÔĽÉÔĽÉÔĽÉÔĽÉÔĽÉÔĽÉÔĽÉÔĽÉÔĽÉÔĽÉÔĽÉÔĽÉÔĽÉÔĽÉÔĽÉÔĽÉÔĽÉÔĽÉÔĽÉÔĽÉÔĽÉÔĽÉÔĽÉÔĽÉÔĽÉÔĽÉÔĽÉÔĽÉÔĽÉÔĽÉÔĽÉÔĽÉÔĽÉÔĽÉÔĽÉÔĽÉÔĽÉÔĽÉÔĽÉÔĽÉ
The following TestFailure was thrown running a test:
Expected: 'Document Analysis Result'
  Actual: 'OCR Result'
   Which: is different.
          Expected: Document A ...
            Actual: OCR Result ...
                    ^
           Differ at offset 0

When the exception was thrown, this was the stack:
#4      main.<anonymous closure>.<anonymous closure> (file:///C:/flutter_projects/f35_flight_compensation/test/localization_test.dart:44:7)
<asynchronous suspension>
#5      testWidgets.<anonymous closure>.<anonymous closure> (package:flutter_test/src/widget_tester.dart:193:15)
<asynchronous suspension>
#6      TestWidgetsFlutterBinding._runTestBody (package:flutter_test/src/binding.dart:1064:5)
<asynchronous suspension>
<asynchronous suspension>
(elided one frame from package:stack_trace)

This was caught by the test expectation on the following line:
  file:///C:/flutter_projects/f35_flight_compensation/test/localization_test.dart line 44
The test description was:
  Document Processing Localization Test
ÔĽÉÔĽÉÔĽÉÔĽÉÔĽÉÔĽÉÔĽÉÔĽÉÔĽÉÔĽÉÔĽÉÔĽÉÔĽÉÔĽÉÔĽÉÔĽÉÔĽÉÔĽÉÔĽÉÔĽÉÔĽÉÔĽÉÔĽÉÔĽÉÔĽÉÔĽÉÔĽÉÔĽÉÔĽÉÔĽÉÔĽÉÔĽÉÔĽÉÔĽÉÔĽÉÔĽÉÔĽÉÔĽÉÔĽÉÔĽÉÔĽÉÔĽÉÔĽÉÔĽÉÔĽÉÔĽÉÔĽÉÔĽÉÔĽÉÔĽÉÔĽÉÔĽÉÔĽÉÔĽÉÔĽÉÔĽÉÔĽÉÔĽÉÔĽÉÔĽÉÔĽÉÔĽÉÔĽÉÔĽÉÔĽÉÔĽÉÔĽÉÔĽÉÔĽÉÔĽÉÔĽÉÔĽÉÔĽÉÔĽÉÔĽÉÔĽÉÔĽÉÔĽÉÔĽÉÔĽÉÔĽÉÔĽÉÔĽÉÔĽÉÔĽÉÔĽÉÔĽÉÔĽÉÔĽÉÔĽÉÔĽÉÔĽÉÔĽÉÔĽÉÔĽÉÔĽÉÔĽÉÔĽÉÔĽÉÔĽÉ
00:02 +15 -3: C:/flutter_projects/f35_flight_compensation/test/localization_test.dart: Localization Tests Document Processing Localization Test [E]
  Test failed. See exception logs above.
  The test description was: Document Processing Localization Test
  
00:02 +15 -3: C:/flutter_projects/f35_flight_compensation/test/localization_test.dart: Localization Tests Compensation Form Localization Test
ÔĽÉÔĽÉÔĽí EXCEPTION CAUGHT BY FLUTTER TEST FRAMEWORK ÔĽ×ÔĽÉÔĽÉÔĽÉÔĽÉÔĽÉÔĽÉÔĽÉÔĽÉÔĽÉÔĽÉÔĽÉÔĽÉÔĽÉÔĽÉÔĽÉÔĽÉÔĽÉÔĽÉÔĽÉÔĽÉÔĽÉÔĽÉÔĽÉÔĽÉÔĽÉÔĽÉÔĽÉÔĽÉÔĽÉÔĽÉÔĽÉÔĽÉÔĽÉÔĽÉÔĽÉÔĽÉÔĽÉÔĽÉÔĽÉÔĽÉÔĽÉÔĽÉÔĽÉÔĽÉÔĽÉÔĽÉÔĽÉÔĽÉÔĽÉÔĽÉÔĽÉÔĽÉ
The following TestFailure was thrown running a test:
Expected: 'Z┼é├│┼╝ roszczenie'
  Actual: 'Z┼é├│┼╝ Roszczenie'
   Which: is different.
          Expected: Z┼é├│┼╝ roszczenie ...
            Actual: Z┼é├│┼╝ Roszczenie ...
                         ^
           Differ at offset 5

When the exception was thrown, this was the stack:
#4      main.<anonymous closure>.<anonymous closure> (file:///C:/flutter_projects/f35_flight_compensation/test/localization_test.dart:69:7)
<asynchronous suspension>
#5      testWidgets.<anonymous closure>.<anonymous closure> (package:flutter_test/src/widget_tester.dart:193:15)
<asynchronous suspension>
#6      TestWidgetsFlutterBinding._runTestBody (package:flutter_test/src/binding.dart:1064:5)
<asynchronous suspension>
<asynchronous suspension>
(elided one frame from package:stack_trace)

This was caught by the test expectation on the following line:
  file:///C:/flutter_projects/f35_flight_compensation/test/localization_test.dart line 69
The test description was:
  Compensation Form Localization Test
ÔĽÉÔĽÉÔĽÉÔĽÉÔĽÉÔĽÉÔĽÉÔĽÉÔĽÉÔĽÉÔĽÉÔĽÉÔĽÉÔĽÉÔĽÉÔĽÉÔĽÉÔĽÉÔĽÉÔĽÉÔĽÉÔĽÉÔĽÉÔĽÉÔĽÉÔĽÉÔĽÉÔĽÉÔĽÉÔĽÉÔĽÉÔĽÉÔĽÉÔĽÉÔĽÉÔĽÉÔĽÉÔĽÉÔĽÉÔĽÉÔĽÉÔĽÉÔĽÉÔĽÉÔĽÉÔĽÉÔĽÉÔĽÉÔĽÉÔĽÉÔĽÉÔĽÉÔĽÉÔĽÉÔĽÉÔĽÉÔĽÉÔĽÉÔĽÉÔĽÉÔĽÉÔĽÉÔĽÉÔĽÉÔĽÉÔĽÉÔĽÉÔĽÉÔĽÉÔĽÉÔĽÉÔĽÉÔĽÉÔĽÉÔĽÉÔĽÉÔĽÉÔĽÉÔĽÉÔĽÉÔĽÉÔĽÉÔĽÉÔĽÉÔĽÉÔĽÉÔĽÉÔĽÉÔĽÉÔĽÉÔĽÉÔĽÉÔĽÉÔĽÉÔĽÉÔĽÉÔĽÉÔĽÉÔĽÉÔĽÉ
00:02 +15 -4: C:/flutter_projects/f35_flight_compensation/test/localization_test.dart: Localization Tests Compensation Form Localization Test [E]
  Test failed. See exception logs above.
  The test description was: Compensation Form Localization Test
  
00:03 +15 -4: C:/flutter_projects/f35_flight_compensation/test/widget/claim_submission_flow_widget_test.dart: AuthGate correctly shows AuthScreen when logged out and MainNavigation when logged in
00:05 +15 -4: C:/flutter_projects/f35_flight_compensation/test/widget/screens/claim_submission_test.dart: (setUpAll)
[ServiceInitializer] overrideForTesting() called. Setting _isTestMode = true.
[ServiceInitializer] overrideForTesting: Processing type: AuthService with impl: MockAuthService
[ServiceInitializer] overrideForTesting: Processing type: AccessibilityService with impl: MockAccessibilityService
[ServiceInitializer] overrideForTesting: Matched case AccessibilityService.
[ServiceInitializer] overrideForTesting: Called _locator.registerSingleton for AccessibilityService with MockAccessibilityService.
[ServiceInitializer] overrideForTesting: VERIFIED - AccessibilityService IS registered in GetIt post-registration.
[ServiceInitializer] overrideForTesting: Processing type: LocalizationService with impl: MockLocalizationService
[ServiceInitializer] overrideForTesting: Processing type: ManualLocalizationService with impl: MockManualLocalizationService
[ServiceInitializer] overrideForTesting: Registered ManualLocalizationService with MockManualLocalizationService.
[ServiceInitializer] overrideForTesting: Processing type: NotificationService with impl: MockNotificationService
[ServiceInitializer] overrideForTesting: Registered NotificationService with MockNotificationService.
[ServiceInitializer] overrideForTesting: Processing type: ErrorHandler with impl: MockErrorHandler
[ServiceInitializer] overrideForTesting: Registered ErrorHandler with MockErrorHandler.
[ServiceInitializer] overrideForTesting: Processing type: DocumentScannerViewModel with impl: MockDocumentScannerViewModel
[ServiceInitializer] overrideForTesting: Processing type: FirestoreService with impl: MockFirestoreService
00:05 +15 -4: C:/flutter_projects/f35_flight_compensation/test/widget/claim_submission_flow_widget_test.dart: AuthGate correctly shows AuthScreen when logged out and MainNavigation when logged in
00:06 +15 -4: C:/flutter_projects/f35_flight_compensation/test/widget/screens/document_management_test.dart: (setUpAll)
[ServiceInitializer] setTestMode() called. Setting _isTestMode to: true
00:06 +15 -4: C:/flutter_projects/f35_flight_compensation/test/widget/claim_submission_flow_widget_test.dart: AuthGate correctly shows AuthScreen when logged out and MainNavigation when logged in
[ServiceInitializer] overrideForTesting() called. Setting _isTestMode = true.
[ServiceInitializer] overrideForTesting: Processing type: AuthService with impl: MockAuthService
[ServiceInitializer] overrideForTesting: Processing type: AccessibilityService with impl: MockAccessibilityService
[ServiceInitializer] overrideForTesting: Matched case AccessibilityService.
[ServiceInitializer] overrideForTesting: Called _locator.registerSingleton for AccessibilityService with MockAccessibilityService.
[ServiceInitializer] overrideForTesting: VERIFIED - AccessibilityService IS registered in GetIt post-registration.
[ServiceInitializer] overrideForTesting: Processing type: LocalizationService with impl: MockLocalizationService
[ServiceInitializer] overrideForTesting: Processing type: NotificationService with impl: MockNotificationService
[ServiceInitializer] overrideForTesting: Registered NotificationService with MockNotificationService.
[ServiceInitializer] overrideForTesting: Processing type: ManualLocalizationService with impl: MockManualLocalizationService
[ServiceInitializer] overrideForTesting: Registered ManualLocalizationService with MockManualLocalizationService.
[ServiceInitializer] overrideForTesting: Processing type: ErrorHandler with impl: MockErrorHandler
[ServiceInitializer] overrideForTesting: Registered ErrorHandler with MockErrorHandler.
[ServiceInitializer] get<AccessibilityService>: INFO - _locator.isRegistered<AccessibilityService>() is TRUE right before attempting _locator<T>().
[ServiceInitializer] get<AccessibilityService>() returning instance of type: MockAccessibilityService
[ServiceInitializer] get<LocalizationService>: INFO - _locator.isRegistered<LocalizationService>() is TRUE right before attempting _locator<T>().
[ServiceInitializer] get<LocalizationService>() returning instance of type: MockLocalizationService
[ServiceInitializer] get<AuthService>: INFO - _locator.isRegistered<AuthService>() is TRUE right before attempting _locator<T>().
[ServiceInitializer] get<AuthService>() returning instance of type: MockAuthService
[AuthViewModel Constructor] Initialized with AuthService of type: MockAuthService
Warning: ensurePolishTranslations is deprecated. Use ensureAllTranslations instead.
All translations initialized for 6 languages
Current locale set to: en
[ServiceInitializer] get<NotificationService>: INFO - _locator.isRegistered<NotificationService>() is TRUE right before attempting _locator<T>().
[ServiceInitializer] get<NotificationService>() returning instance of type: MockNotificationService
[ServiceInitializer] get<ErrorHandler>: INFO - _locator.isRegistered<ErrorHandler>() is TRUE right before attempting _locator<T>().
[ServiceInitializer] get<ErrorHandler>() returning instance of type: MockErrorHandler
­čöä TranslationHelper: Detected locale change to en_US
­čöä TranslationHelper: Synchronizing all localization systems to en_US
All translations initialized for 6 languages
Current locale set to: en
ManualLocalizationService: Forcing global app rebuild
Ôťů TranslationHelper: Successfully synchronized to en_US
HomeScreen: Ensuring translations are loaded correctly
­čöä TranslationHelper: Forcing reload for en_US
­čöä TranslationHelper: Synchronizing all localization systems to en_US
All translations initialized for 6 languages
Current locale set to: en
ManualLocalizationService: Forcing global app rebuild
Ôťů TranslationHelper: Successfully synchronized to en_US
Ôťů TranslationHelper: Forced reload completed for en_US
[ServiceInitializer] resetForTesting() called. Setting _isTestMode = false.
00:08 +16 -4: C:/flutter_projects/f35_flight_compensation/test/widget/screens/claim_submission_test.dart: ClaimSubmissionScreen shows initial fields correctly
initState prefill: flightNumber=null, depIcao=null, arrIcao=null, schedDate=null, reason=null
[ServiceInitializer] get<DocumentScannerViewModel>: INFO - _locator.isRegistered<DocumentScannerViewModel>() is TRUE right before attempting _locator<T>().
[ServiceInitializer] get<DocumentScannerViewModel>() returning instance of type: MockDocumentScannerViewModel
ÔĽÉÔĽÉÔĽí EXCEPTION CAUGHT BY WIDGETS LIBRARY ÔĽ×ÔĽÉÔĽÉÔĽÉÔĽÉÔĽÉÔĽÉÔĽÉÔĽÉÔĽÉÔĽÉÔĽÉÔĽÉÔĽÉÔĽÉÔĽÉÔĽÉÔĽÉÔĽÉÔĽÉÔĽÉÔĽÉÔĽÉÔĽÉÔĽÉÔĽÉÔĽÉÔĽÉÔĽÉÔĽÉÔĽÉÔĽÉÔĽÉÔĽÉÔĽÉÔĽÉÔĽÉÔĽÉÔĽÉÔĽÉÔĽÉÔĽÉÔĽÉÔĽÉÔĽÉÔĽÉÔĽÉÔĽÉÔĽÉÔĽÉÔĽÉÔĽÉÔĽÉÔĽÉÔĽÉÔĽÉÔĽÉÔĽÉÔĽÉÔĽÉ
The following ProviderNotFoundException was thrown building ClaimSubmissionScreen(dirty, state:
_ClaimSubmissionScreenState#acc8d):
Error: Could not find the correct Provider<AccessibilityService> above this ClaimSubmissionScreen
Widget

This happens because you used a `BuildContext` that does not include the provider
of your choice. There are a few common scenarios:

- You added a new provider in your `main.dart` and performed a hot-reload.
  To fix, perform a hot-restart.

- The provider you are trying to read is in a different route.

  Providers are "scoped". So if you insert of provider inside a route, then
  other routes will not be able to access that provider.

- You used a `BuildContext` that is an ancestor of the provider you are trying to read.

  Make sure that ClaimSubmissionScreen is under your MultiProvider/Provider<AccessibilityService>.
  This usually happens when you are creating a provider and trying to read it immediately.

  For example, instead of:

  ```
  Widget build(BuildContext context) {
    return Provider<Example>(
      create: (_) => Example(),
      // Will throw a ProviderNotFoundError, because `context` is associated
      // to the widget that is the parent of `Provider<Example>`
      child: Text(context.watch<Example>().toString()),
    );
  }
  ```

  consider using `builder` like so:

  ```
  Widget build(BuildContext context) {
    return Provider<Example>(
      create: (_) => Example(),
      // we use `builder` to obtain a new `BuildContext` that has access to the provider
      builder: (context, child) {
        // No longer throws
        return Text(context.watch<Example>().toString());
      }
    );
  }
  ```

If none of these solutions work, consider asking for help on StackOverflow:
https://stackoverflow.com/questions/tagged/flutter

The relevant error-causing widget was:
  ClaimSubmissionScreen
  ClaimSubmissionScreen:file:///C:/flutter_projects/f35_flight_compensation/test/widget/screens/claim_submission_test.dart:482:54

When the exception was thrown, this was the stack:
#0      Provider._inheritedElementOf (package:provider/src/provider.dart:377:7)
#1      Provider.of (package:provider/src/provider.dart:327:30)
#2      _ClaimSubmissionScreenState.build (package:f35_flight_compensation/screens/claim_submission_screen.dart:513:43)
#3      StatefulElement.build (package:flutter/src/widgets/framework.dart:5841:27)
#4      ComponentElement.performRebuild (package:flutter/src/widgets/framework.dart:5733:15)
#5      StatefulElement.performRebuild (package:flutter/src/widgets/framework.dart:5892:11)
#6      Element.rebuild (package:flutter/src/widgets/framework.dart:5445:7)
#7      ComponentElement._firstBuild (package:flutter/src/widgets/framework.dart:5715:5)
#8      StatefulElement._firstBuild (package:flutter/src/widgets/framework.dart:5883:11)
#9      ComponentElement.mount (package:flutter/src/widgets/framework.dart:5709:5)
...     Normal element mounting (228 frames)
#237    Element.inflateWidget (package:flutter/src/widgets/framework.dart:4555:16)
#238    MultiChildRenderObjectElement.inflateWidget (package:flutter/src/widgets/framework.dart:7178:36)
#239    MultiChildRenderObjectElement.mount (package:flutter/src/widgets/framework.dart:7194:32)
...     Normal element mounting (457 frames)
#696    Element.inflateWidget (package:flutter/src/widgets/framework.dart:4555:16)
#697    Element.updateChild (package:flutter/src/widgets/framework.dart:4014:20)
#698    ComponentElement.performRebuild (package:flutter/src/widgets/framework.dart:5756:16)
#699    Element.rebuild (package:flutter/src/widgets/framework.dart:5445:7)
#700    ProxyElement.update (package:flutter/src/widgets/framework.dart:6059:5)
#701    _InheritedNotifierElement.update (package:flutter/src/widgets/inherited_notifier.dart:108:11)
#702    Element.updateChild (package:flutter/src/widgets/framework.dart:3998:15)
#703    ComponentElement.performRebuild (package:flutter/src/widgets/framework.dart:5756:16)
#704    StatefulElement.performRebuild (package:flutter/src/widgets/framework.dart:5892:11)
#705    Element.rebuild (package:flutter/src/widgets/framework.dart:5445:7)
#706    StatefulElement.update (package:flutter/src/widgets/framework.dart:5917:5)
#707    Element.updateChild (package:flutter/src/widgets/framework.dart:3998:15)
#708    ComponentElement.performRebuild (package:flutter/src/widgets/framework.dart:5756:16)
#709    Element.rebuild (package:flutter/src/widgets/framework.dart:5445:7)
#710    ProxyElement.update (package:flutter/src/widgets/framework.dart:6059:5)
#711    _InheritedNotifierElement.update (package:flutter/src/widgets/inherited_notifier.dart:108:11)
#712    Element.updateChild (package:flutter/src/widgets/framework.dart:3998:15)
#713    ComponentElement.performRebuild (package:flutter/src/widgets/framework.dart:5756:16)
#714    StatefulElement.performRebuild (package:flutter/src/widgets/framework.dart:5892:11)
#715    Element.rebuild (package:flutter/src/widgets/framework.dart:5445:7)
#716    StatefulElement.update (package:flutter/src/widgets/framework.dart:5917:5)
#717    Element.updateChild (package:flutter/src/widgets/framework.dart:3998:15)
#718    ComponentElement.performRebuild (package:flutter/src/widgets/framework.dart:5756:16)
#719    StatefulElement.performRebuild (package:flutter/src/widgets/framework.dart:5892:11)
#720    Element.rebuild (package:flutter/src/widgets/framework.dart:5445:7)
#721    StatefulElement.update (package:flutter/src/widgets/framework.dart:5917:5)
#722    Element.updateChild (package:flutter/src/widgets/framework.dart:3998:15)
#723    ComponentElement.performRebuild (package:flutter/src/widgets/framework.dart:5756:16)
#724    Element.rebuild (package:flutter/src/widgets/framework.dart:5445:7)
#725    ProxyElement.update (package:flutter/src/widgets/framework.dart:6059:5)
#726    Element.updateChild (package:flutter/src/widgets/framework.dart:3998:15)
#727    ComponentElement.performRebuild (package:flutter/src/widgets/framework.dart:5756:16)
#728    StatefulElement.performRebuild (package:flutter/src/widgets/framework.dart:5892:11)
#729    Element.rebuild (package:flutter/src/widgets/framework.dart:5445:7)
#730    StatefulElement.update (package:flutter/src/widgets/framework.dart:5917:5)
#731    Element.updateChild (package:flutter/src/widgets/framework.dart:3998:15)
#732    ComponentElement.performRebuild (package:flutter/src/widgets/framework.dart:5756:16)
#733    Element.rebuild (package:flutter/src/widgets/framework.dart:5445:7)
#734    ProxyElement.update (package:flutter/src/widgets/framework.dart:6059:5)
#735    Element.updateChild (package:flutter/src/widgets/framework.dart:3998:15)
#736    ComponentElement.performRebuild (package:flutter/src/widgets/framework.dart:5756:16)
#737    Element.rebuild (package:flutter/src/widgets/framework.dart:5445:7)
#738    ProxyElement.update (package:flutter/src/widgets/framework.dart:6059:5)
#739    Element.updateChild (package:flutter/src/widgets/framework.dart:3998:15)
#740    _RawViewElement._updateChild (package:flutter/src/widgets/view.dart:481:16)
#741    _RawViewElement.update (package:flutter/src/widgets/view.dart:569:5)
#742    Element.updateChild (package:flutter/src/widgets/framework.dart:3998:15)
#743    ComponentElement.performRebuild (package:flutter/src/widgets/framework.dart:5756:16)
#744    Element.rebuild (package:flutter/src/widgets/framework.dart:5445:7)
#745    StatelessElement.update (package:flutter/src/widgets/framework.dart:5805:5)
#746    Element.updateChild (package:flutter/src/widgets/framework.dart:3998:15)
#747    ComponentElement.performRebuild (package:flutter/src/widgets/framework.dart:5756:16)
#748    StatefulElement.performRebuild (package:flutter/src/widgets/framework.dart:5892:11)
#749    Element.rebuild (package:flutter/src/widgets/framework.dart:5445:7)
#750    StatefulElement.update (package:flutter/src/widgets/framework.dart:5917:5)
#751    Element.updateChild (package:flutter/src/widgets/framework.dart:3998:15)
#752    RootElement._rebuild (package:flutter/src/widgets/binding.dart:1687:16)
#753    RootElement.update (package:flutter/src/widgets/binding.dart:1665:5)
#754    RootElement.performRebuild (package:flutter/src/widgets/binding.dart:1679:7)
#755    Element.rebuild (package:flutter/src/widgets/framework.dart:5445:7)
#756    BuildScope._tryRebuild (package:flutter/src/widgets/framework.dart:2704:15)
#757    BuildScope._flushDirtyElements (package:flutter/src/widgets/framework.dart:2762:11)
#758    BuildOwner.buildScope (package:flutter/src/widgets/framework.dart:3066:18)
#759    AutomatedTestWidgetsFlutterBinding.drawFrame (package:flutter_test/src/binding.dart:1495:19)
#760    RendererBinding._handlePersistentFrameCallback (package:flutter/src/rendering/binding.dart:482:5)
#761    SchedulerBinding._invokeFrameCallback (package:flutter/src/scheduler/binding.dart:1442:15)
#762    SchedulerBinding.handleDrawFrame (package:flutter/src/scheduler/binding.dart:1355:9)
#763    AutomatedTestWidgetsFlutterBinding.pump.<anonymous closure> (package:flutter_test/src/binding.dart:1340:9)
#766    TestAsyncUtils.guard (package:flutter_test/src/test_async_utils.dart:74:41)
#767    AutomatedTestWidgetsFlutterBinding.pump (package:flutter_test/src/binding.dart:1329:27)
#768    WidgetTester.pumpWidget.<anonymous closure> (package:flutter_test/src/widget_tester.dart:599:22)
#771    TestAsyncUtils.guard (package:flutter_test/src/test_async_utils.dart:74:41)
#772    WidgetTester.pumpWidget (package:flutter_test/src/widget_tester.dart:596:27)
#773    main.<anonymous closure>.<anonymous closure> (file:///C:/flutter_projects/f35_flight_compensation/test/widget/screens/claim_submission_test.dart:482:20)
#774    testWidgets.<anonymous closure>.<anonymous closure> (package:flutter_test/src/widget_tester.dart:193:29)
<asynchronous suspension>
#775    TestWidgetsFlutterBinding._runTestBody (package:flutter_test/src/binding.dart:1064:5)
<asynchronous suspension>
<asynchronous suspension>
(elided 5 frames from dart:async and package:stack_trace)

ÔĽÉÔĽÉÔĽÉÔĽÉÔĽÉÔĽÉÔĽÉÔĽÉÔĽÉÔĽÉÔĽÉÔĽÉÔĽÉÔĽÉÔĽÉÔĽÉÔĽÉÔĽÉÔĽÉÔĽÉÔĽÉÔĽÉÔĽÉÔĽÉÔĽÉÔĽÉÔĽÉÔĽÉÔĽÉÔĽÉÔĽÉÔĽÉÔĽÉÔĽÉÔĽÉÔĽÉÔĽÉÔĽÉÔĽÉÔĽÉÔĽÉÔĽÉÔĽÉÔĽÉÔĽÉÔĽÉÔĽÉÔĽÉÔĽÉÔĽÉÔĽÉÔĽÉÔĽÉÔĽÉÔĽÉÔĽÉÔĽÉÔĽÉÔĽÉÔĽÉÔĽÉÔĽÉÔĽÉÔĽÉÔĽÉÔĽÉÔĽÉÔĽÉÔĽÉÔĽÉÔĽÉÔĽÉÔĽÉÔĽÉÔĽÉÔĽÉÔĽÉÔĽÉÔĽÉÔĽÉÔĽÉÔĽÉÔĽÉÔĽÉÔĽÉÔĽÉÔĽÉÔĽÉÔĽÉÔĽÉÔĽÉÔĽÉÔĽÉÔĽÉÔĽÉÔĽÉÔĽÉÔĽÉÔĽÉÔĽÉ
ÔĽÉÔĽÉÔĽí EXCEPTION CAUGHT BY FLUTTER TEST FRAMEWORK ÔĽ×ÔĽÉÔĽÉÔĽÉÔĽÉÔĽÉÔĽÉÔĽÉÔĽÉÔĽÉÔĽÉÔĽÉÔĽÉÔĽÉÔĽÉÔĽÉÔĽÉÔĽÉÔĽÉÔĽÉÔĽÉÔĽÉÔĽÉÔĽÉÔĽÉÔĽÉÔĽÉÔĽÉÔĽÉÔĽÉÔĽÉÔĽÉÔĽÉÔĽÉÔĽÉÔĽÉÔĽÉÔĽÉÔĽÉÔĽÉÔĽÉÔĽÉÔĽÉÔĽÉÔĽÉÔĽÉÔĽÉÔĽÉÔĽÉÔĽÉÔĽÉÔĽÉÔĽÉ
The following TestFailure was thrown running a test:
Expected: exactly one matching candidate
  Actual: _KeyWidgetFinder:<Found 0 widgets with key [<'flightNumberField'>]: []>
   Which: means none were found but one was expected

When the exception was thrown, this was the stack:
#4      main.<anonymous closure>.<anonymous closure> (file:///C:/flutter_projects/f35_flight_compensation/test/widget/screens/claim_submission_test.dart:485:7)
<asynchronous suspension>
#5      testWidgets.<anonymous closure>.<anonymous closure> (package:flutter_test/src/widget_tester.dart:193:15)
<asynchronous suspension>
#6      TestWidgetsFlutterBinding._runTestBody (package:flutter_test/src/binding.dart:1064:5)
<asynchronous suspension>
<asynchronous suspension>
(elided one frame from package:stack_trace)

This was caught by the test expectation on the following line:
  file:///C:/flutter_projects/f35_flight_compensation/test/widget/screens/claim_submission_test.dart line 485
The test description was:
  shows initial fields correctly
ÔĽÉÔĽÉÔĽÉÔĽÉÔĽÉÔĽÉÔĽÉÔĽÉÔĽÉÔĽÉÔĽÉÔĽÉÔĽÉÔĽÉÔĽÉÔĽÉÔĽÉÔĽÉÔĽÉÔĽÉÔĽÉÔĽÉÔĽÉÔĽÉÔĽÉÔĽÉÔĽÉÔĽÉÔĽÉÔĽÉÔĽÉÔĽÉÔĽÉÔĽÉÔĽÉÔĽÉÔĽÉÔĽÉÔĽÉÔĽÉÔĽÉÔĽÉÔĽÉÔĽÉÔĽÉÔĽÉÔĽÉÔĽÉÔĽÉÔĽÉÔĽÉÔĽÉÔĽÉÔĽÉÔĽÉÔĽÉÔĽÉÔĽÉÔĽÉÔĽÉÔĽÉÔĽÉÔĽÉÔĽÉÔĽÉÔĽÉÔĽÉÔĽÉÔĽÉÔĽÉÔĽÉÔĽÉÔĽÉÔĽÉÔĽÉÔĽÉÔĽÉÔĽÉÔĽÉÔĽÉÔĽÉÔĽÉÔĽÉÔĽÉÔĽÉÔĽÉÔĽÉÔĽÉÔĽÉÔĽÉÔĽÉÔĽÉÔĽÉÔĽÉÔĽÉÔĽÉÔĽÉÔĽÉÔĽÉÔĽÉ
ÔĽÉÔĽÉÔĽí EXCEPTION CAUGHT BY FLUTTER TEST FRAMEWORK ÔĽ×ÔĽÉÔĽÉÔĽÉÔĽÉÔĽÉÔĽÉÔĽÉÔĽÉÔĽÉÔĽÉÔĽÉÔĽÉÔĽÉÔĽÉÔĽÉÔĽÉÔĽÉÔĽÉÔĽÉÔĽÉÔĽÉÔĽÉÔĽÉÔĽÉÔĽÉÔĽÉÔĽÉÔĽÉÔĽÉÔĽÉÔĽÉÔĽÉÔĽÉÔĽÉÔĽÉÔĽÉÔĽÉÔĽÉÔĽÉÔĽÉÔĽÉÔĽÉÔĽÉÔĽÉÔĽÉÔĽÉÔĽÉÔĽÉÔĽÉÔĽÉÔĽÉÔĽÉ
The following message was thrown:
Multiple exceptions (2) were detected during the running of the current test, and at least one was
unexpected.
ÔĽÉÔĽÉÔĽÉÔĽÉÔĽÉÔĽÉÔĽÉÔĽÉÔĽÉÔĽÉÔĽÉÔĽÉÔĽÉÔĽÉÔĽÉÔĽÉÔĽÉÔĽÉÔĽÉÔĽÉÔĽÉÔĽÉÔĽÉÔĽÉÔĽÉÔĽÉÔĽÉÔĽÉÔĽÉÔĽÉÔĽÉÔĽÉÔĽÉÔĽÉÔĽÉÔĽÉÔĽÉÔĽÉÔĽÉÔĽÉÔĽÉÔĽÉÔĽÉÔĽÉÔĽÉÔĽÉÔĽÉÔĽÉÔĽÉÔĽÉÔĽÉÔĽÉÔĽÉÔĽÉÔĽÉÔĽÉÔĽÉÔĽÉÔĽÉÔĽÉÔĽÉÔĽÉÔĽÉÔĽÉÔĽÉÔĽÉÔĽÉÔĽÉÔĽÉÔĽÉÔĽÉÔĽÉÔĽÉÔĽÉÔĽÉÔĽÉÔĽÉÔĽÉÔĽÉÔĽÉÔĽÉÔĽÉÔĽÉÔĽÉÔĽÉÔĽÉÔĽÉÔĽÉÔĽÉÔĽÉÔĽÉÔĽÉÔĽÉÔĽÉÔĽÉÔĽÉÔĽÉÔĽÉÔĽÉÔĽÉ
00:09 +16 -5: C:/flutter_projects/f35_flight_compensation/test/widget/screens/document_management_test.dart: Shows loading indicator then list of documents
00:09 +16 -5: C:/flutter_projects/f35_flight_compensation/test/widget/screens/claim_submission_test.dart: ClaimSubmissionScreen shows initial fields correctly [E]
  Test failed. See exception logs above.
  The test description was: shows initial fields correctly
  
00:09 +16 -5: C:/flutter_projects/f35_flight_compensation/test/widget/screens/claim_submission_test.dart: ClaimSubmissionScreen shows validation error for empty fields on submit
initState prefill: flightNumber=null, depIcao=null, arrIcao=null, schedDate=null, reason=null
[ServiceInitializer] get<DocumentScannerViewModel>: INFO - _locator.isRegistered<DocumentScannerViewModel>() is TRUE right before attempting _locator<T>().
[ServiceInitializer] get<DocumentScannerViewModel>() returning instance of type: MockDocumentScannerViewModel
ÔĽÉÔĽÉÔĽí EXCEPTION CAUGHT BY WIDGETS LIBRARY ÔĽ×ÔĽÉÔĽÉÔĽÉÔĽÉÔĽÉÔĽÉÔĽÉÔĽÉÔĽÉÔĽÉÔĽÉÔĽÉÔĽÉÔĽÉÔĽÉÔĽÉÔĽÉÔĽÉÔĽÉÔĽÉÔĽÉÔĽÉÔĽÉÔĽÉÔĽÉÔĽÉÔĽÉÔĽÉÔĽÉÔĽÉÔĽÉÔĽÉÔĽÉÔĽÉÔĽÉÔĽÉÔĽÉÔĽÉÔĽÉÔĽÉÔĽÉÔĽÉÔĽÉÔĽÉÔĽÉÔĽÉÔĽÉÔĽÉÔĽÉÔĽÉÔĽÉÔĽÉÔĽÉÔĽÉÔĽÉÔĽÉÔĽÉÔĽÉÔĽÉ
The following ProviderNotFoundException was thrown building ClaimSubmissionScreen(dirty, state:
_ClaimSubmissionScreenState#c309a):
Error: Could not find the correct Provider<AccessibilityService> above this ClaimSubmissionScreen
Widget

This happens because you used a `BuildContext` that does not include the provider
of your choice. There are a few common scenarios:

- You added a new provider in your `main.dart` and performed a hot-reload.
  To fix, perform a hot-restart.

- The provider you are trying to read is in a different route.

  Providers are "scoped". So if you insert of provider inside a route, then
  other routes will not be able to access that provider.

- You used a `BuildContext` that is an ancestor of the provider you are trying to read.

  Make sure that ClaimSubmissionScreen is under your MultiProvider/Provider<AccessibilityService>.
  This usually happens when you are creating a provider and trying to read it immediately.

  For example, instead of:

  ```
  Widget build(BuildContext context) {
    return Provider<Example>(
      create: (_) => Example(),
      // Will throw a ProviderNotFoundError, because `context` is associated
      // to the widget that is the parent of `Provider<Example>`
      child: Text(context.watch<Example>().toString()),
    );
  }
  ```

  consider using `builder` like so:

  ```
  Widget build(BuildContext context) {
    return Provider<Example>(
      create: (_) => Example(),
      // we use `builder` to obtain a new `BuildContext` that has access to the provider
      builder: (context, child) {
        // No longer throws
        return Text(context.watch<Example>().toString());
      }
    );
  }
  ```

If none of these solutions work, consider asking for help on StackOverflow:
https://stackoverflow.com/questions/tagged/flutter

The relevant error-causing widget was:
  ClaimSubmissionScreen
  ClaimSubmissionScreen:file:///C:/flutter_projects/f35_flight_compensation/test/widget/screens/claim_submission_test.dart:493:56

When the exception was thrown, this was the stack:
#0      Provider._inheritedElementOf (package:provider/src/provider.dart:377:7)
#1      Provider.of (package:provider/src/provider.dart:327:30)
#2      _ClaimSubmissionScreenState.build (package:f35_flight_compensation/screens/claim_submission_screen.dart:513:43)
#3      StatefulElement.build (package:flutter/src/widgets/framework.dart:5841:27)
#4      ComponentElement.performRebuild (package:flutter/src/widgets/framework.dart:5733:15)
#5      StatefulElement.performRebuild (package:flutter/src/widgets/framework.dart:5892:11)
#6      Element.rebuild (package:flutter/src/widgets/framework.dart:5445:7)
#7      ComponentElement._firstBuild (package:flutter/src/widgets/framework.dart:5715:5)
#8      StatefulElement._firstBuild (package:flutter/src/widgets/framework.dart:5883:11)
#9      ComponentElement.mount (package:flutter/src/widgets/framework.dart:5709:5)
...     Normal element mounting (228 frames)
#237    Element.inflateWidget (package:flutter/src/widgets/framework.dart:4555:16)
#238    MultiChildRenderObjectElement.inflateWidget (package:flutter/src/widgets/framework.dart:7178:36)
#239    MultiChildRenderObjectElement.mount (package:flutter/src/widgets/framework.dart:7194:32)
...     Normal element mounting (457 frames)
#696    Element.inflateWidget (package:flutter/src/widgets/framework.dart:4555:16)
#697    Element.updateChild (package:flutter/src/widgets/framework.dart:4014:20)
#698    ComponentElement.performRebuild (package:flutter/src/widgets/framework.dart:5756:16)
#699    Element.rebuild (package:flutter/src/widgets/framework.dart:5445:7)
#700    ProxyElement.update (package:flutter/src/widgets/framework.dart:6059:5)
#701    _InheritedNotifierElement.update (package:flutter/src/widgets/inherited_notifier.dart:108:11)
#702    Element.updateChild (package:flutter/src/widgets/framework.dart:3998:15)
#703    ComponentElement.performRebuild (package:flutter/src/widgets/framework.dart:5756:16)
#704    StatefulElement.performRebuild (package:flutter/src/widgets/framework.dart:5892:11)
#705    Element.rebuild (package:flutter/src/widgets/framework.dart:5445:7)
#706    StatefulElement.update (package:flutter/src/widgets/framework.dart:5917:5)
#707    Element.updateChild (package:flutter/src/widgets/framework.dart:3998:15)
#708    ComponentElement.performRebuild (package:flutter/src/widgets/framework.dart:5756:16)
#709    Element.rebuild (package:flutter/src/widgets/framework.dart:5445:7)
#710    ProxyElement.update (package:flutter/src/widgets/framework.dart:6059:5)
#711    _InheritedNotifierElement.update (package:flutter/src/widgets/inherited_notifier.dart:108:11)
#712    Element.updateChild (package:flutter/src/widgets/framework.dart:3998:15)
#713    ComponentElement.performRebuild (package:flutter/src/widgets/framework.dart:5756:16)
#714    StatefulElement.performRebuild (package:flutter/src/widgets/framework.dart:5892:11)
#715    Element.rebuild (package:flutter/src/widgets/framework.dart:5445:7)
#716    StatefulElement.update (package:flutter/src/widgets/framework.dart:5917:5)
#717    Element.updateChild (package:flutter/src/widgets/framework.dart:3998:15)
#718    ComponentElement.performRebuild (package:flutter/src/widgets/framework.dart:5756:16)
#719    StatefulElement.performRebuild (package:flutter/src/widgets/framework.dart:5892:11)
#720    Element.rebuild (package:flutter/src/widgets/framework.dart:5445:7)
#721    StatefulElement.update (package:flutter/src/widgets/framework.dart:5917:5)
#722    Element.updateChild (package:flutter/src/widgets/framework.dart:3998:15)
#723    ComponentElement.performRebuild (package:flutter/src/widgets/framework.dart:5756:16)
#724    Element.rebuild (package:flutter/src/widgets/framework.dart:5445:7)
#725    ProxyElement.update (package:flutter/src/widgets/framework.dart:6059:5)
#726    Element.updateChild (package:flutter/src/widgets/framework.dart:3998:15)
#727    ComponentElement.performRebuild (package:flutter/src/widgets/framework.dart:5756:16)
#728    StatefulElement.performRebuild (package:flutter/src/widgets/framework.dart:5892:11)
#729    Element.rebuild (package:flutter/src/widgets/framework.dart:5445:7)
#730    StatefulElement.update (package:flutter/src/widgets/framework.dart:5917:5)
#731    Element.updateChild (package:flutter/src/widgets/framework.dart:3998:15)
#732    ComponentElement.performRebuild (package:flutter/src/widgets/framework.dart:5756:16)
#733    Element.rebuild (package:flutter/src/widgets/framework.dart:5445:7)
#734    ProxyElement.update (package:flutter/src/widgets/framework.dart:6059:5)
#735    Element.updateChild (package:flutter/src/widgets/framework.dart:3998:15)
#736    ComponentElement.performRebuild (package:flutter/src/widgets/framework.dart:5756:16)
#737    Element.rebuild (package:flutter/src/widgets/framework.dart:5445:7)
#738    ProxyElement.update (package:flutter/src/widgets/framework.dart:6059:5)
#739    Element.updateChild (package:flutter/src/widgets/framework.dart:3998:15)
#740    _RawViewElement._updateChild (package:flutter/src/widgets/view.dart:481:16)
#741    _RawViewElement.update (package:flutter/src/widgets/view.dart:569:5)
#742    Element.updateChild (package:flutter/src/widgets/framework.dart:3998:15)
#743    ComponentElement.performRebuild (package:flutter/src/widgets/framework.dart:5756:16)
#744    Element.rebuild (package:flutter/src/widgets/framework.dart:5445:7)
#745    StatelessElement.update (package:flutter/src/widgets/framework.dart:5805:5)
#746    Element.updateChild (package:flutter/src/widgets/framework.dart:3998:15)
#747    ComponentElement.performRebuild (package:flutter/src/widgets/framework.dart:5756:16)
#748    StatefulElement.performRebuild (package:flutter/src/widgets/framework.dart:5892:11)
#749    Element.rebuild (package:flutter/src/widgets/framework.dart:5445:7)
#750    StatefulElement.update (package:flutter/src/widgets/framework.dart:5917:5)
#751    Element.updateChild (package:flutter/src/widgets/framework.dart:3998:15)
#752    RootElement._rebuild (package:flutter/src/widgets/binding.dart:1687:16)
#753    RootElement.update (package:flutter/src/widgets/binding.dart:1665:5)
#754    RootElement.performRebuild (package:flutter/src/widgets/binding.dart:1679:7)
#755    Element.rebuild (package:flutter/src/widgets/framework.dart:5445:7)
#756    BuildScope._tryRebuild (package:flutter/src/widgets/framework.dart:2704:15)
#757    BuildScope._flushDirtyElements (package:flutter/src/widgets/framework.dart:2762:11)
#758    BuildOwner.buildScope (package:flutter/src/widgets/framework.dart:3066:18)
#759    AutomatedTestWidgetsFlutterBinding.drawFrame (package:flutter_test/src/binding.dart:1495:19)
#760    RendererBinding._handlePersistentFrameCallback (package:flutter/src/rendering/binding.dart:482:5)
#761    SchedulerBinding._invokeFrameCallback (package:flutter/src/scheduler/binding.dart:1442:15)
#762    SchedulerBinding.handleDrawFrame (package:flutter/src/scheduler/binding.dart:1355:9)
#763    AutomatedTestWidgetsFlutterBinding.pump.<anonymous closure> (package:flutter_test/src/binding.dart:1340:9)
#766    TestAsyncUtils.guard (package:flutter_test/src/test_async_utils.dart:74:41)
#767    AutomatedTestWidgetsFlutterBinding.pump (package:flutter_test/src/binding.dart:1329:27)
#768    WidgetTester.pumpWidget.<anonymous closure> (package:flutter_test/src/widget_tester.dart:599:22)
#771    TestAsyncUtils.guard (package:flutter_test/src/test_async_utils.dart:74:41)
#772    WidgetTester.pumpWidget (package:flutter_test/src/widget_tester.dart:596:27)
#773    main.<anonymous closure>.<anonymous closure> (file:///C:/flutter_projects/f35_flight_compensation/test/widget/screens/claim_submission_test.dart:493:22)
#774    testWidgets.<anonymous closure>.<anonymous closure> (package:flutter_test/src/widget_tester.dart:193:29)
<asynchronous suspension>
#775    TestWidgetsFlutterBinding._runTestBody (package:flutter_test/src/binding.dart:1064:5)
<asynchronous suspension>
<asynchronous suspension>
(elided 5 frames from dart:async and package:stack_trace)

ÔĽÉÔĽÉÔĽÉÔĽÉÔĽÉÔĽÉÔĽÉÔĽÉÔĽÉÔĽÉÔĽÉÔĽÉÔĽÉÔĽÉÔĽÉÔĽÉÔĽÉÔĽÉÔĽÉÔĽÉÔĽÉÔĽÉÔĽÉÔĽÉÔĽÉÔĽÉÔĽÉÔĽÉÔĽÉÔĽÉÔĽÉÔĽÉÔĽÉÔĽÉÔĽÉÔĽÉÔĽÉÔĽÉÔĽÉÔĽÉÔĽÉÔĽÉÔĽÉÔĽÉÔĽÉÔĽÉÔĽÉÔĽÉÔĽÉÔĽÉÔĽÉÔĽÉÔĽÉÔĽÉÔĽÉÔĽÉÔĽÉÔĽÉÔĽÉÔĽÉÔĽÉÔĽÉÔĽÉÔĽÉÔĽÉÔĽÉÔĽÉÔĽÉÔĽÉÔĽÉÔĽÉÔĽÉÔĽÉÔĽÉÔĽÉÔĽÉÔĽÉÔĽÉÔĽÉÔĽÉÔĽÉÔĽÉÔĽÉÔĽÉÔĽÉÔĽÉÔĽÉÔĽÉÔĽÉÔĽÉÔĽÉÔĽÉÔĽÉÔĽÉÔĽÉÔĽÉÔĽÉÔĽÉÔĽÉÔĽÉ
ÔĽÉÔĽÉÔĽí EXCEPTION CAUGHT BY FLUTTER TEST FRAMEWORK ÔĽ×ÔĽÉÔĽÉÔĽÉÔĽÉÔĽÉÔĽÉÔĽÉÔĽÉÔĽÉÔĽÉÔĽÉÔĽÉÔĽÉÔĽÉÔĽÉÔĽÉÔĽÉÔĽÉÔĽÉÔĽÉÔĽÉÔĽÉÔĽÉÔĽÉÔĽÉÔĽÉÔĽÉÔĽÉÔĽÉÔĽÉÔĽÉÔĽÉÔĽÉÔĽÉÔĽÉÔĽÉÔĽÉÔĽÉÔĽÉÔĽÉÔĽÉÔĽÉÔĽÉÔĽÉÔĽÉÔĽÉÔĽÉÔĽÉÔĽÉÔĽÉÔĽÉÔĽÉ
The following assertion was thrown running a test:
The finder "Found 0 widgets with key [<'submitClaimButton'>]: []" (used in a call to "tap()") could
not find any matching widgets.

When the exception was thrown, this was the stack:
#0      WidgetController._getElementPoint (package:flutter_test/src/controller.dart:2009:7)
#1      WidgetController.getCenter (package:flutter_test/src/controller.dart:1861:12)
#2      WidgetController.tap (package:flutter_test/src/controller.dart:1041:7)
#3      main.<anonymous closure>.<anonymous closure> (file:///C:/flutter_projects/f35_flight_compensation/test/widget/screens/claim_submission_test.dart:497:22)
<asynchronous suspension>
#4      testWidgets.<anonymous closure>.<anonymous closure> (package:flutter_test/src/widget_tester.dart:193:15)
<asynchronous suspension>
#5      TestWidgetsFlutterBinding._runTestBody (package:flutter_test/src/binding.dart:1064:5)
<asynchronous suspension>
<asynchronous suspension>
(elided one frame from package:stack_trace)

The test description was:
  shows validation error for empty fields on submit
ÔĽÉÔĽÉÔĽÉÔĽÉÔĽÉÔĽÉÔĽÉÔĽÉÔĽÉÔĽÉÔĽÉÔĽÉÔĽÉÔĽÉÔĽÉÔĽÉÔĽÉÔĽÉÔĽÉÔĽÉÔĽÉÔĽÉÔĽÉÔĽÉÔĽÉÔĽÉÔĽÉÔĽÉÔĽÉÔĽÉÔĽÉÔĽÉÔĽÉÔĽÉÔĽÉÔĽÉÔĽÉÔĽÉÔĽÉÔĽÉÔĽÉÔĽÉÔĽÉÔĽÉÔĽÉÔĽÉÔĽÉÔĽÉÔĽÉÔĽÉÔĽÉÔĽÉÔĽÉÔĽÉÔĽÉÔĽÉÔĽÉÔĽÉÔĽÉÔĽÉÔĽÉÔĽÉÔĽÉÔĽÉÔĽÉÔĽÉÔĽÉÔĽÉÔĽÉÔĽÉÔĽÉÔĽÉÔĽÉÔĽÉÔĽÉÔĽÉÔĽÉÔĽÉÔĽÉÔĽÉÔĽÉÔĽÉÔĽÉÔĽÉÔĽÉÔĽÉÔĽÉÔĽÉÔĽÉÔĽÉÔĽÉÔĽÉÔĽÉÔĽÉÔĽÉÔĽÉÔĽÉÔĽÉÔĽÉÔĽÉ
ÔĽÉÔĽÉÔĽí EXCEPTION CAUGHT BY FLUTTER TEST FRAMEWORK ÔĽ×ÔĽÉÔĽÉÔĽÉÔĽÉÔĽÉÔĽÉÔĽÉÔĽÉÔĽÉÔĽÉÔĽÉÔĽÉÔĽÉÔĽÉÔĽÉÔĽÉÔĽÉÔĽÉÔĽÉÔĽÉÔĽÉÔĽÉÔĽÉÔĽÉÔĽÉÔĽÉÔĽÉÔĽÉÔĽÉÔĽÉÔĽÉÔĽÉÔĽÉÔĽÉÔĽÉÔĽÉÔĽÉÔĽÉÔĽÉÔĽÉÔĽÉÔĽÉÔĽÉÔĽÉÔĽÉÔĽÉÔĽÉÔĽÉÔĽÉÔĽÉÔĽÉÔĽÉ
The following message was thrown:
Multiple exceptions (2) were detected during the running of the current test, and at least one was
unexpected.
ÔĽÉÔĽÉÔĽÉÔĽÉÔĽÉÔĽÉÔĽÉÔĽÉÔĽÉÔĽÉÔĽÉÔĽÉÔĽÉÔĽÉÔĽÉÔĽÉÔĽÉÔĽÉÔĽÉÔĽÉÔĽÉÔĽÉÔĽÉÔĽÉÔĽÉÔĽÉÔĽÉÔĽÉÔĽÉÔĽÉÔĽÉÔĽÉÔĽÉÔĽÉÔĽÉÔĽÉÔĽÉÔĽÉÔĽÉÔĽÉÔĽÉÔĽÉÔĽÉÔĽÉÔĽÉÔĽÉÔĽÉÔĽÉÔĽÉÔĽÉÔĽÉÔĽÉÔĽÉÔĽÉÔĽÉÔĽÉÔĽÉÔĽÉÔĽÉÔĽÉÔĽÉÔĽÉÔĽÉÔĽÉÔĽÉÔĽÉÔĽÉÔĽÉÔĽÉÔĽÉÔĽÉÔĽÉÔĽÉÔĽÉÔĽÉÔĽÉÔĽÉÔĽÉÔĽÉÔĽÉÔĽÉÔĽÉÔĽÉÔĽÉÔĽÉÔĽÉÔĽÉÔĽÉÔĽÉÔĽÉÔĽÉÔĽÉÔĽÉÔĽÉÔĽÉÔĽÉÔĽÉÔĽÉÔĽÉÔĽÉ
00:09 +16 -6: C:/flutter_projects/f35_flight_compensation/test/widget/screens/document_management_test.dart: Shows loading indicator then list of documents
00:09 +16 -6: C:/flutter_projects/f35_flight_compensation/test/widget/screens/claim_submission_test.dart: ClaimSubmissionScreen shows validation error for empty fields on submit [E]
  Test failed. See exception logs above.
  The test description was: shows validation error for empty fields on submit
  
00:09 +16 -6: C:/flutter_projects/f35_flight_compensation/test/widget/screens/claim_submission_test.dart: ClaimSubmissionScreen pre-fills data from widget constructor
initState prefill: flightNumber=LH123, depIcao=FRA, arrIcao=null, schedDate=2025-06-20 07:07:36.850206, reason=null
[ServiceInitializer] get<DocumentScannerViewModel>: INFO - _locator.isRegistered<DocumentScannerViewModel>() is TRUE right before attempting _locator<T>().
[ServiceInitializer] get<DocumentScannerViewModel>() returning instance of type: MockDocumentScannerViewModel
ÔĽÉÔĽÉÔĽí EXCEPTION CAUGHT BY WIDGETS LIBRARY ÔĽ×ÔĽÉÔĽÉÔĽÉÔĽÉÔĽÉÔĽÉÔĽÉÔĽÉÔĽÉÔĽÉÔĽÉÔĽÉÔĽÉÔĽÉÔĽÉÔĽÉÔĽÉÔĽÉÔĽÉÔĽÉÔĽÉÔĽÉÔĽÉÔĽÉÔĽÉÔĽÉÔĽÉÔĽÉÔĽÉÔĽÉÔĽÉÔĽÉÔĽÉÔĽÉÔĽÉÔĽÉÔĽÉÔĽÉÔĽÉÔĽÉÔĽÉÔĽÉÔĽÉÔĽÉÔĽÉÔĽÉÔĽÉÔĽÉÔĽÉÔĽÉÔĽÉÔĽÉÔĽÉÔĽÉÔĽÉÔĽÉÔĽÉÔĽÉÔĽÉ
The following ProviderNotFoundException was thrown building ClaimSubmissionScreen(dirty, state:
_ClaimSubmissionScreenState#9cb66):
Error: Could not find the correct Provider<AccessibilityService> above this ClaimSubmissionScreen
Widget

This happens because you used a `BuildContext` that does not include the provider
of your choice. There are a few common scenarios:

- You added a new provider in your `main.dart` and performed a hot-reload.
  To fix, perform a hot-restart.

- The provider you are trying to read is in a different route.

  Providers are "scoped". So if you insert of provider inside a route, then
  other routes will not be able to access that provider.

- You used a `BuildContext` that is an ancestor of the provider you are trying to read.

  Make sure that ClaimSubmissionScreen is under your MultiProvider/Provider<AccessibilityService>.
  This usually happens when you are creating a provider and trying to read it immediately.

  For example, instead of:

  ```
  Widget build(BuildContext context) {
    return Provider<Example>(
      create: (_) => Example(),
      // Will throw a ProviderNotFoundError, because `context` is associated
      // to the widget that is the parent of `Provider<Example>`
      child: Text(context.watch<Example>().toString()),
    );
  }
  ```

  consider using `builder` like so:

  ```
  Widget build(BuildContext context) {
    return Provider<Example>(
      create: (_) => Example(),
      // we use `builder` to obtain a new `BuildContext` that has access to the provider
      builder: (context, child) {
        // No longer throws
        return Text(context.watch<Example>().toString());
      }
    );
  }
  ```

If none of these solutions work, consider asking for help on StackOverflow:
https://stackoverflow.com/questions/tagged/flutter

The relevant error-causing widget was:
  ClaimSubmissionScreen
  ClaimSubmissionScreen:file:///C:/flutter_projects/f35_flight_compensation/test/widget/screens/claim_submission_test.dart:510:48

When the exception was thrown, this was the stack:
#0      Provider._inheritedElementOf (package:provider/src/provider.dart:377:7)
#1      Provider.of (package:provider/src/provider.dart:327:30)
#2      _ClaimSubmissionScreenState.build (package:f35_flight_compensation/screens/claim_submission_screen.dart:513:43)
#3      StatefulElement.build (package:flutter/src/widgets/framework.dart:5841:27)
#4      ComponentElement.performRebuild (package:flutter/src/widgets/framework.dart:5733:15)
#5      StatefulElement.performRebuild (package:flutter/src/widgets/framework.dart:5892:11)
#6      Element.rebuild (package:flutter/src/widgets/framework.dart:5445:7)
#7      ComponentElement._firstBuild (package:flutter/src/widgets/framework.dart:5715:5)
#8      StatefulElement._firstBuild (package:flutter/src/widgets/framework.dart:5883:11)
#9      ComponentElement.mount (package:flutter/src/widgets/framework.dart:5709:5)
...     Normal element mounting (228 frames)
#237    Element.inflateWidget (package:flutter/src/widgets/framework.dart:4555:16)
#238    MultiChildRenderObjectElement.inflateWidget (package:flutter/src/widgets/framework.dart:7178:36)
#239    MultiChildRenderObjectElement.mount (package:flutter/src/widgets/framework.dart:7194:32)
...     Normal element mounting (457 frames)
#696    Element.inflateWidget (package:flutter/src/widgets/framework.dart:4555:16)
#697    Element.updateChild (package:flutter/src/widgets/framework.dart:4014:20)
#698    ComponentElement.performRebuild (package:flutter/src/widgets/framework.dart:5756:16)
#699    Element.rebuild (package:flutter/src/widgets/framework.dart:5445:7)
#700    ProxyElement.update (package:flutter/src/widgets/framework.dart:6059:5)
#701    _InheritedNotifierElement.update (package:flutter/src/widgets/inherited_notifier.dart:108:11)
#702    Element.updateChild (package:flutter/src/widgets/framework.dart:3998:15)
#703    ComponentElement.performRebuild (package:flutter/src/widgets/framework.dart:5756:16)
#704    StatefulElement.performRebuild (package:flutter/src/widgets/framework.dart:5892:11)
#705    Element.rebuild (package:flutter/src/widgets/framework.dart:5445:7)
#706    StatefulElement.update (package:flutter/src/widgets/framework.dart:5917:5)
#707    Element.updateChild (package:flutter/src/widgets/framework.dart:3998:15)
#708    ComponentElement.performRebuild (package:flutter/src/widgets/framework.dart:5756:16)
#709    Element.rebuild (package:flutter/src/widgets/framework.dart:5445:7)
#710    ProxyElement.update (package:flutter/src/widgets/framework.dart:6059:5)
#711    _InheritedNotifierElement.update (package:flutter/src/widgets/inherited_notifier.dart:108:11)
#712    Element.updateChild (package:flutter/src/widgets/framework.dart:3998:15)
#713    ComponentElement.performRebuild (package:flutter/src/widgets/framework.dart:5756:16)
#714    StatefulElement.performRebuild (package:flutter/src/widgets/framework.dart:5892:11)
#715    Element.rebuild (package:flutter/src/widgets/framework.dart:5445:7)
#716    StatefulElement.update (package:flutter/src/widgets/framework.dart:5917:5)
#717    Element.updateChild (package:flutter/src/widgets/framework.dart:3998:15)
#718    ComponentElement.performRebuild (package:flutter/src/widgets/framework.dart:5756:16)
#719    StatefulElement.performRebuild (package:flutter/src/widgets/framework.dart:5892:11)
#720    Element.rebuild (package:flutter/src/widgets/framework.dart:5445:7)
#721    StatefulElement.update (package:flutter/src/widgets/framework.dart:5917:5)
#722    Element.updateChild (package:flutter/src/widgets/framework.dart:3998:15)
#723    ComponentElement.performRebuild (package:flutter/src/widgets/framework.dart:5756:16)
#724    Element.rebuild (package:flutter/src/widgets/framework.dart:5445:7)
#725    ProxyElement.update (package:flutter/src/widgets/framework.dart:6059:5)
#726    Element.updateChild (package:flutter/src/widgets/framework.dart:3998:15)
#727    ComponentElement.performRebuild (package:flutter/src/widgets/framework.dart:5756:16)
#728    StatefulElement.performRebuild (package:flutter/src/widgets/framework.dart:5892:11)
#729    Element.rebuild (package:flutter/src/widgets/framework.dart:5445:7)
#730    StatefulElement.update (package:flutter/src/widgets/framework.dart:5917:5)
#731    Element.updateChild (package:flutter/src/widgets/framework.dart:3998:15)
#732    ComponentElement.performRebuild (package:flutter/src/widgets/framework.dart:5756:16)
#733    Element.rebuild (package:flutter/src/widgets/framework.dart:5445:7)
#734    ProxyElement.update (package:flutter/src/widgets/framework.dart:6059:5)
#735    Element.updateChild (package:flutter/src/widgets/framework.dart:3998:15)
#736    ComponentElement.performRebuild (package:flutter/src/widgets/framework.dart:5756:16)
#737    Element.rebuild (package:flutter/src/widgets/framework.dart:5445:7)
#738    ProxyElement.update (package:flutter/src/widgets/framework.dart:6059:5)
#739    Element.updateChild (package:flutter/src/widgets/framework.dart:3998:15)
#740    _RawViewElement._updateChild (package:flutter/src/widgets/view.dart:481:16)
#741    _RawViewElement.update (package:flutter/src/widgets/view.dart:569:5)
#742    Element.updateChild (package:flutter/src/widgets/framework.dart:3998:15)
#743    ComponentElement.performRebuild (package:flutter/src/widgets/framework.dart:5756:16)
#744    Element.rebuild (package:flutter/src/widgets/framework.dart:5445:7)
#745    StatelessElement.update (package:flutter/src/widgets/framework.dart:5805:5)
#746    Element.updateChild (package:flutter/src/widgets/framework.dart:3998:15)
#747    ComponentElement.performRebuild (package:flutter/src/widgets/framework.dart:5756:16)
#748    StatefulElement.performRebuild (package:flutter/src/widgets/framework.dart:5892:11)
#749    Element.rebuild (package:flutter/src/widgets/framework.dart:5445:7)
#750    StatefulElement.update (package:flutter/src/widgets/framework.dart:5917:5)
#751    Element.updateChild (package:flutter/src/widgets/framework.dart:3998:15)
#752    RootElement._rebuild (package:flutter/src/widgets/binding.dart:1687:16)
#753    RootElement.update (package:flutter/src/widgets/binding.dart:1665:5)
#754    RootElement.performRebuild (package:flutter/src/widgets/binding.dart:1679:7)
#755    Element.rebuild (package:flutter/src/widgets/framework.dart:5445:7)
#756    BuildScope._tryRebuild (package:flutter/src/widgets/framework.dart:2704:15)
#757    BuildScope._flushDirtyElements (package:flutter/src/widgets/framework.dart:2762:11)
#758    BuildOwner.buildScope (package:flutter/src/widgets/framework.dart:3066:18)
#759    AutomatedTestWidgetsFlutterBinding.drawFrame (package:flutter_test/src/binding.dart:1495:19)
#760    RendererBinding._handlePersistentFrameCallback (package:flutter/src/rendering/binding.dart:482:5)
#761    SchedulerBinding._invokeFrameCallback (package:flutter/src/scheduler/binding.dart:1442:15)
#762    SchedulerBinding.handleDrawFrame (package:flutter/src/scheduler/binding.dart:1355:9)
#763    AutomatedTestWidgetsFlutterBinding.pump.<anonymous closure> (package:flutter_test/src/binding.dart:1340:9)
#766    TestAsyncUtils.guard (package:flutter_test/src/test_async_utils.dart:74:41)
#767    AutomatedTestWidgetsFlutterBinding.pump (package:flutter_test/src/binding.dart:1329:27)
#768    WidgetTester.pumpWidget.<anonymous closure> (package:flutter_test/src/widget_tester.dart:599:22)
#771    TestAsyncUtils.guard (package:flutter_test/src/test_async_utils.dart:74:41)
#772    WidgetTester.pumpWidget (package:flutter_test/src/widget_tester.dart:596:27)
#773    main.<anonymous closure>.<anonymous closure> (file:///C:/flutter_projects/f35_flight_compensation/test/widget/screens/claim_submission_test.dart:510:20)
#774    testWidgets.<anonymous closure>.<anonymous closure> (package:flutter_test/src/widget_tester.dart:193:29)
<asynchronous suspension>
#775    TestWidgetsFlutterBinding._runTestBody (package:flutter_test/src/binding.dart:1064:5)
<asynchronous suspension>
<asynchronous suspension>
(elided 5 frames from dart:async and package:stack_trace)

ÔĽÉÔĽÉÔĽÉÔĽÉÔĽÉÔĽÉÔĽÉÔĽÉÔĽÉÔĽÉÔĽÉÔĽÉÔĽÉÔĽÉÔĽÉÔĽÉÔĽÉÔĽÉÔĽÉÔĽÉÔĽÉÔĽÉÔĽÉÔĽÉÔĽÉÔĽÉÔĽÉÔĽÉÔĽÉÔĽÉÔĽÉÔĽÉÔĽÉÔĽÉÔĽÉÔĽÉÔĽÉÔĽÉÔĽÉÔĽÉÔĽÉÔĽÉÔĽÉÔĽÉÔĽÉÔĽÉÔĽÉÔĽÉÔĽÉÔĽÉÔĽÉÔĽÉÔĽÉÔĽÉÔĽÉÔĽÉÔĽÉÔĽÉÔĽÉÔĽÉÔĽÉÔĽÉÔĽÉÔĽÉÔĽÉÔĽÉÔĽÉÔĽÉÔĽÉÔĽÉÔĽÉÔĽÉÔĽÉÔĽÉÔĽÉÔĽÉÔĽÉÔĽÉÔĽÉÔĽÉÔĽÉÔĽÉÔĽÉÔĽÉÔĽÉÔĽÉÔĽÉÔĽÉÔĽÉÔĽÉÔĽÉÔĽÉÔĽÉÔĽÉÔĽÉÔĽÉÔĽÉÔĽÉÔĽÉÔĽÉ
ÔĽÉÔĽÉÔĽí EXCEPTION CAUGHT BY WIDGETS LIBRARY ÔĽ×ÔĽÉÔĽÉÔĽÉÔĽÉÔĽÉÔĽÉÔĽÉÔĽÉÔĽÉÔĽÉÔĽÉÔĽÉÔĽÉÔĽÉÔĽÉÔĽÉÔĽÉÔĽÉÔĽÉÔĽÉÔĽÉÔĽÉÔĽÉÔĽÉÔĽÉÔĽÉÔĽÉÔĽÉÔĽÉÔĽÉÔĽÉÔĽÉÔĽÉÔĽÉÔĽÉÔĽÉÔĽÉÔĽÉÔĽÉÔĽÉÔĽÉÔĽÉÔĽÉÔĽÉÔĽÉÔĽÉÔĽÉÔĽÉÔĽÉÔĽÉÔĽÉÔĽÉÔĽÉÔĽÉÔĽÉÔĽÉÔĽÉÔĽÉÔĽÉ
The following ProviderNotFoundException was thrown building ClaimSubmissionScreen(dirty, state:
_ClaimSubmissionScreenState#9cb66):
Error: Could not find the correct Provider<AccessibilityService> above this ClaimSubmissionScreen
Widget

This happens because you used a `BuildContext` that does not include the provider
of your choice. There are a few common scenarios:

- You added a new provider in your `main.dart` and performed a hot-reload.
  To fix, perform a hot-restart.

- The provider you are trying to read is in a different route.

  Providers are "scoped". So if you insert of provider inside a route, then
  other routes will not be able to access that provider.

- You used a `BuildContext` that is an ancestor of the provider you are trying to read.

  Make sure that ClaimSubmissionScreen is under your MultiProvider/Provider<AccessibilityService>.
  This usually happens when you are creating a provider and trying to read it immediately.

  For example, instead of:

  ```
  Widget build(BuildContext context) {
    return Provider<Example>(
      create: (_) => Example(),
      // Will throw a ProviderNotFoundError, because `context` is associated
      // to the widget that is the parent of `Provider<Example>`
      child: Text(context.watch<Example>().toString()),
    );
  }
  ```

  consider using `builder` like so:

  ```
  Widget build(BuildContext context) {
    return Provider<Example>(
      create: (_) => Example(),
      // we use `builder` to obtain a new `BuildContext` that has access to the provider
      builder: (context, child) {
        // No longer throws
        return Text(context.watch<Example>().toString());
      }
    );
  }
  ```

If none of these solutions work, consider asking for help on StackOverflow:
https://stackoverflow.com/questions/tagged/flutter

The relevant error-causing widget was:
  ClaimSubmissionScreen
  ClaimSubmissionScreen:file:///C:/flutter_projects/f35_flight_compensation/test/widget/screens/claim_submission_test.dart:510:48

When the exception was thrown, this was the stack:
#0      Provider._inheritedElementOf (package:provider/src/provider.dart:377:7)
#1      Provider.of (package:provider/src/provider.dart:327:30)
#2      _ClaimSubmissionScreenState.build (package:f35_flight_compensation/screens/claim_submission_screen.dart:513:43)
#3      StatefulElement.build (package:flutter/src/widgets/framework.dart:5841:27)
#4      ComponentElement.performRebuild (package:flutter/src/widgets/framework.dart:5733:15)
#5      StatefulElement.performRebuild (package:flutter/src/widgets/framework.dart:5892:11)
#6      Element.rebuild (package:flutter/src/widgets/framework.dart:5445:7)
#7      BuildScope._tryRebuild (package:flutter/src/widgets/framework.dart:2704:15)
#8      BuildScope._flushDirtyElements (package:flutter/src/widgets/framework.dart:2762:11)
#9      BuildOwner.buildScope (package:flutter/src/widgets/framework.dart:3066:18)
#10     AutomatedTestWidgetsFlutterBinding.drawFrame (package:flutter_test/src/binding.dart:1495:19)
#11     RendererBinding._handlePersistentFrameCallback (package:flutter/src/rendering/binding.dart:482:5)
#12     SchedulerBinding._invokeFrameCallback (package:flutter/src/scheduler/binding.dart:1442:15)
#13     SchedulerBinding.handleDrawFrame (package:flutter/src/scheduler/binding.dart:1355:9)
#14     AutomatedTestWidgetsFlutterBinding.pump.<anonymous closure> (package:flutter_test/src/binding.dart:1340:9)
#17     TestAsyncUtils.guard (package:flutter_test/src/test_async_utils.dart:74:41)
#18     AutomatedTestWidgetsFlutterBinding.pump (package:flutter_test/src/binding.dart:1329:27)
#19     WidgetTester.pumpAndSettle.<anonymous closure> (package:flutter_test/src/widget_tester.dart:720:23)
#22     TestAsyncUtils.guard (package:flutter_test/src/test_async_utils.dart:74:41)
#23     WidgetTester.pumpAndSettle (package:flutter_test/src/widget_tester.dart:713:27)
#24     main.<anonymous closure>.<anonymous closure> (file:///C:/flutter_projects/f35_flight_compensation/test/widget/screens/claim_submission_test.dart:515:20)
<asynchronous suspension>
#25     testWidgets.<anonymous closure>.<anonymous closure> (package:flutter_test/src/widget_tester.dart:193:15)
<asynchronous suspension>
#26     TestWidgetsFlutterBinding._runTestBody (package:flutter_test/src/binding.dart:1064:5)
<asynchronous suspension>
<asynchronous suspension>
(elided 5 frames from dart:async and package:stack_trace)

ÔĽÉÔĽÉÔĽÉÔĽÉÔĽÉÔĽÉÔĽÉÔĽÉÔĽÉÔĽÉÔĽÉÔĽÉÔĽÉÔĽÉÔĽÉÔĽÉÔĽÉÔĽÉÔĽÉÔĽÉÔĽÉÔĽÉÔĽÉÔĽÉÔĽÉÔĽÉÔĽÉÔĽÉÔĽÉÔĽÉÔĽÉÔĽÉÔĽÉÔĽÉÔĽÉÔĽÉÔĽÉÔĽÉÔĽÉÔĽÉÔĽÉÔĽÉÔĽÉÔĽÉÔĽÉÔĽÉÔĽÉÔĽÉÔĽÉÔĽÉÔĽÉÔĽÉÔĽÉÔĽÉÔĽÉÔĽÉÔĽÉÔĽÉÔĽÉÔĽÉÔĽÉÔĽÉÔĽÉÔĽÉÔĽÉÔĽÉÔĽÉÔĽÉÔĽÉÔĽÉÔĽÉÔĽÉÔĽÉÔĽÉÔĽÉÔĽÉÔĽÉÔĽÉÔĽÉÔĽÉÔĽÉÔĽÉÔĽÉÔĽÉÔĽÉÔĽÉÔĽÉÔĽÉÔĽÉÔĽÉÔĽÉÔĽÉÔĽÉÔĽÉÔĽÉÔĽÉÔĽÉÔĽÉÔĽÉÔĽÉ
ÔĽÉÔĽÉÔĽí EXCEPTION CAUGHT BY FLUTTER TEST FRAMEWORK ÔĽ×ÔĽÉÔĽÉÔĽÉÔĽÉÔĽÉÔĽÉÔĽÉÔĽÉÔĽÉÔĽÉÔĽÉÔĽÉÔĽÉÔĽÉÔĽÉÔĽÉÔĽÉÔĽÉÔĽÉÔĽÉÔĽÉÔĽÉÔĽÉÔĽÉÔĽÉÔĽÉÔĽÉÔĽÉÔĽÉÔĽÉÔĽÉÔĽÉÔĽÉÔĽÉÔĽÉÔĽÉÔĽÉÔĽÉÔĽÉÔĽÉÔĽÉÔĽÉÔĽÉÔĽÉÔĽÉÔĽÉÔĽÉÔĽÉÔĽÉÔĽÉÔĽÉÔĽÉ
The following StateError was thrown running a test:
Bad state: No element

When the exception was thrown, this was the stack:
#0      Iterable.single (dart:core/iterable.dart:676:25)
#1      WidgetController.widget (package:flutter_test/src/controller.dart:804:30)
#2      main.<anonymous closure>.<anonymous closure> (file:///C:/flutter_projects/f35_flight_compensation/test/widget/screens/claim_submission_test.dart:517:40)
<asynchronous suspension>
#3      testWidgets.<anonymous closure>.<anonymous closure> (package:flutter_test/src/widget_tester.dart:193:15)
<asynchronous suspension>
#4      TestWidgetsFlutterBinding._runTestBody (package:flutter_test/src/binding.dart:1064:5)
<asynchronous suspension>
<asynchronous suspension>
(elided one frame from package:stack_trace)

The test description was:
  pre-fills data from widget constructor
ÔĽÉÔĽÉÔĽÉÔĽÉÔĽÉÔĽÉÔĽÉÔĽÉÔĽÉÔĽÉÔĽÉÔĽÉÔĽÉÔĽÉÔĽÉÔĽÉÔĽÉÔĽÉÔĽÉÔĽÉÔĽÉÔĽÉÔĽÉÔĽÉÔĽÉÔĽÉÔĽÉÔĽÉÔĽÉÔĽÉÔĽÉÔĽÉÔĽÉÔĽÉÔĽÉÔĽÉÔĽÉÔĽÉÔĽÉÔĽÉÔĽÉÔĽÉÔĽÉÔĽÉÔĽÉÔĽÉÔĽÉÔĽÉÔĽÉÔĽÉÔĽÉÔĽÉÔĽÉÔĽÉÔĽÉÔĽÉÔĽÉÔĽÉÔĽÉÔĽÉÔĽÉÔĽÉÔĽÉÔĽÉÔĽÉÔĽÉÔĽÉÔĽÉÔĽÉÔĽÉÔĽÉÔĽÉÔĽÉÔĽÉÔĽÉÔĽÉÔĽÉÔĽÉÔĽÉÔĽÉÔĽÉÔĽÉÔĽÉÔĽÉÔĽÉÔĽÉÔĽÉÔĽÉÔĽÉÔĽÉÔĽÉÔĽÉÔĽÉÔĽÉÔĽÉÔĽÉÔĽÉÔĽÉÔĽÉÔĽÉ
ÔĽÉÔĽÉÔĽí EXCEPTION CAUGHT BY FLUTTER TEST FRAMEWORK ÔĽ×ÔĽÉÔĽÉÔĽÉÔĽÉÔĽÉÔĽÉÔĽÉÔĽÉÔĽÉÔĽÉÔĽÉÔĽÉÔĽÉÔĽÉÔĽÉÔĽÉÔĽÉÔĽÉÔĽÉÔĽÉÔĽÉÔĽÉÔĽÉÔĽÉÔĽÉÔĽÉÔĽÉÔĽÉÔĽÉÔĽÉÔĽÉÔĽÉÔĽÉÔĽÉÔĽÉÔĽÉÔĽÉÔĽÉÔĽÉÔĽÉÔĽÉÔĽÉÔĽÉÔĽÉÔĽÉÔĽÉÔĽÉÔĽÉÔĽÉÔĽÉÔĽÉÔĽÉ
The following message was thrown:
Multiple exceptions (3) were detected during the running of the current test, and at least one was
unexpected.
ÔĽÉÔĽÉÔĽÉÔĽÉÔĽÉÔĽÉÔĽÉÔĽÉÔĽÉÔĽÉÔĽÉÔĽÉÔĽÉÔĽÉÔĽÉÔĽÉÔĽÉÔĽÉÔĽÉÔĽÉÔĽÉÔĽÉÔĽÉÔĽÉÔĽÉÔĽÉÔĽÉÔĽÉÔĽÉÔĽÉÔĽÉÔĽÉÔĽÉÔĽÉÔĽÉÔĽÉÔĽÉÔĽÉÔĽÉÔĽÉÔĽÉÔĽÉÔĽÉÔĽÉÔĽÉÔĽÉÔĽÉÔĽÉÔĽÉÔĽÉÔĽÉÔĽÉÔĽÉÔĽÉÔĽÉÔĽÉÔĽÉÔĽÉÔĽÉÔĽÉÔĽÉÔĽÉÔĽÉÔĽÉÔĽÉÔĽÉÔĽÉÔĽÉÔĽÉÔĽÉÔĽÉÔĽÉÔĽÉÔĽÉÔĽÉÔĽÉÔĽÉÔĽÉÔĽÉÔĽÉÔĽÉÔĽÉÔĽÉÔĽÉÔĽÉÔĽÉÔĽÉÔĽÉÔĽÉÔĽÉÔĽÉÔĽÉÔĽÉÔĽÉÔĽÉÔĽÉÔĽÉÔĽÉÔĽÉÔĽÉ
00:09 +16 -7: C:/flutter_projects/f35_flight_compensation/test/widget/screens/document_management_test.dart: Shows loading indicator then list of documents
00:09 +16 -7: C:/flutter_projects/f35_flight_compensation/test/widget/screens/claim_submission_test.dart: ClaimSubmissionScreen pre-fills data from widget constructor [E]
  Test failed. See exception logs above.
  The test description was: pre-fills data from widget constructor
  
00:09 +16 -7: C:/flutter_projects/f35_flight_compensation/test/widget/screens/document_management_test.dart: Shows loading indicator then list of documents
00:10 +17 -7: C:/flutter_projects/f35_flight_compensation/test/widget/screens/document_management_test.dart: Shows loading indicator then list of documents
[ServiceInitializer] overrideForTesting() called. Setting _isTestMode = true.
[ServiceInitializer] overrideForTesting: Processing type: AuthService with impl: MockAuthService
[ServiceInitializer] overrideForTesting: Processing type: DocumentStorageService with impl: MockDocumentStorageService
[ServiceInitializer] overrideForTesting: Processing type: LocalizationService with impl: MockLocalizationService
[ServiceInitializer] overrideForTesting: Processing type: ManualLocalizationService with impl: MockManualLocalizationService
[ServiceInitializer] overrideForTesting: Registered ManualLocalizationService with MockManualLocalizationService.
[ServiceInitializer] overrideForTesting: Processing type: AccessibilityService with impl: MockAccessibilityService
[ServiceInitializer] overrideForTesting: Matched case AccessibilityService.
[ServiceInitializer] overrideForTesting: Called _locator.registerSingleton for AccessibilityService with MockAccessibilityService.
[ServiceInitializer] overrideForTesting: VERIFIED - AccessibilityService IS registered in GetIt post-registration.
[ServiceInitializer] overrideForTesting: Processing type: NotificationService with impl: MockNotificationService
[ServiceInitializer] overrideForTesting: Registered NotificationService with MockNotificationService.
[ServiceInitializer] overrideForTesting: Processing type: ErrorHandler with impl: MockErrorHandler
[ServiceInitializer] overrideForTesting: Registered ErrorHandler with MockErrorHandler.
[ServiceInitializer] get<DocumentStorageService>: INFO - _locator.isRegistered<DocumentStorageService>() is TRUE right before attempting _locator<T>().
[ServiceInitializer] get<DocumentStorageService>() returning instance of type: MockDocumentStorageService
[ServiceInitializer] get<AuthService>: INFO - _locator.isRegistered<AuthService>() is TRUE right before attempting _locator<T>().
[ServiceInitializer] get<AuthService>() returning instance of type: MockAuthService
[ServiceInitializer] get<LocalizationService>: INFO - _locator.isRegistered<LocalizationService>() is TRUE right before attempting _locator<T>().
[ServiceInitializer] get<LocalizationService>() returning instance of type: MockLocalizationService
[ServiceInitializer] get<ManualLocalizationService>: INFO - _locator.isRegistered<ManualLocalizationService>() is TRUE right before attempting _locator<T>().
[ServiceInitializer] get<ManualLocalizationService>() returning instance of type: MockManualLocalizationService
[ServiceInitializer] get<AccessibilityService>: INFO - _locator.isRegistered<AccessibilityService>() is TRUE right before attempting _locator<T>().
[ServiceInitializer] get<AccessibilityService>() returning instance of type: MockAccessibilityService
00:10 +18 -7: C:/flutter_projects/f35_flight_compensation/test/widget/screens/document_upload_test.dart: DocumentUploadScreen applies high contrast mode correctly
00:10 +19 -7: C:/flutter_projects/f35_flight_compensation/test/widget/screens/document_management_test.dart: Shows empty state when no documents are available
[ServiceInitializer] overrideForTesting() called. Setting _isTestMode = true.
[ServiceInitializer] overrideForTesting: Processing type: AuthService with impl: MockAuthService
[ServiceInitializer] overrideForTesting: Processing type: DocumentStorageService with impl: MockDocumentStorageService
[ServiceInitializer] overrideForTesting: Processing type: LocalizationService with impl: MockLocalizationService
[ServiceInitializer] overrideForTesting: Processing type: ManualLocalizationService with impl: MockManualLocalizationService
[ServiceInitializer] overrideForTesting: Registered ManualLocalizationService with MockManualLocalizationService.
[ServiceInitializer] overrideForTesting: Processing type: AccessibilityService with impl: MockAccessibilityService
[ServiceInitializer] overrideForTesting: Matched case AccessibilityService.
[ServiceInitializer] overrideForTesting: Called _locator.registerSingleton for AccessibilityService with MockAccessibilityService.
[ServiceInitializer] overrideForTesting: VERIFIED - AccessibilityService IS registered in GetIt post-registration.
[ServiceInitializer] overrideForTesting: Processing type: NotificationService with impl: MockNotificationService
00:10 +20 -7: C:/flutter_projects/f35_flight_compensation/test/widget/screens/document_management_test.dart: Shows empty state when no documents are available
[ServiceInitializer] overrideForTesting: Registered NotificationService with MockNotificationService.
[ServiceInitializer] overrideForTesting: Processing type: ErrorHandler with impl: MockErrorHandler
[ServiceInitializer] overrideForTesting: Registered ErrorHandler with MockErrorHandler.
[ServiceInitializer] get<DocumentStorageService>: INFO - _locator.isRegistered<DocumentStorageService>() is TRUE right before attempting _locator<T>().
[ServiceInitializer] get<DocumentStorageService>() returning instance of type: MockDocumentStorageService
[ServiceInitializer] get<AuthService>: INFO - _locator.isRegistered<AuthService>() is TRUE right before attempting _locator<T>().
[ServiceInitializer] get<AuthService>() returning instance of type: MockAuthService
[ServiceInitializer] get<LocalizationService>: INFO - _locator.isRegistered<LocalizationService>() is TRUE right before attempting _locator<T>().
[ServiceInitializer] get<LocalizationService>() returning instance of type: MockLocalizationService
[ServiceInitializer] get<ManualLocalizationService>: INFO - _locator.isRegistered<ManualLocalizationService>() is TRUE right before attempting _locator<T>().
[ServiceInitializer] get<ManualLocalizationService>() returning instance of type: MockManualLocalizationService
[ServiceInitializer] get<AccessibilityService>: INFO - _locator.isRegistered<AccessibilityService>() is TRUE right before attempting _locator<T>().
[ServiceInitializer] get<AccessibilityService>() returning instance of type: MockAccessibilityService
00:10 +21 -7: C:/flutter_projects/f35_flight_compensation/test/widget_test.dart: (setUpAll)
[ServiceInitializer] overrideForTesting() called. Setting _isTestMode = true.
[ServiceInitializer] overrideForTesting: Processing type: AuthService with impl: MockAuthService
[ServiceInitializer] overrideForTesting: Processing type: AccessibilityService with impl: MockAccessibilityService
[ServiceInitializer] overrideForTesting: Matched case AccessibilityService.
[ServiceInitializer] overrideForTesting: Called _locator.registerSingleton for AccessibilityService with MockAccessibilityService.
[ServiceInitializer] overrideForTesting: VERIFIED - AccessibilityService IS registered in GetIt post-registration.
[ServiceInitializer] overrideForTesting: Processing type: LocalizationService with impl: MockLocalizationService
00:10 +22 -7: C:/flutter_projects/f35_flight_compensation/test/widget_test.dart: (setUpAll)
[ServiceInitializer] overrideForTesting: Processing type: ManualLocalizationService with impl: MockManualLocalizationService
[ServiceInitializer] overrideForTesting: Registered ManualLocalizationService with MockManualLocalizationService.
00:10 +22 -7: C:/flutter_projects/f35_flight_compensation/test/widget/screens/document_management_test.dart: Shows error message if fetching documents fails
[ServiceInitializer] overrideForTesting() called. Setting _isTestMode = true.
[ServiceInitializer] overrideForTesting: Processing type: AuthService with impl: MockAuthService
[ServiceInitializer] overrideForTesting: Processing type: DocumentStorageService with impl: MockDocumentStorageService
00:10 +22 -7: C:/flutter_projects/f35_flight_compensation/test/widget_test.dart: (setUpAll)
[ServiceInitializer] overrideForTesting: Processing type: NotificationService with impl: MockNotificationService
00:10 +22 -7: C:/flutter_projects/f35_flight_compensation/test/widget/screens/document_management_test.dart: Shows error message if fetching documents fails
[ServiceInitializer] overrideForTesting: Processing type: LocalizationService with impl: MockLocalizationService
[ServiceInitializer] overrideForTesting: Processing type: ManualLocalizationService with impl: MockManualLocalizationService
[ServiceInitializer] overrideForTesting: Registered ManualLocalizationService with MockManualLocalizationService.
[ServiceInitializer] overrideForTesting: Processing type: AccessibilityService with impl: MockAccessibilityService
[ServiceInitializer] overrideForTesting: Matched case AccessibilityService.
[ServiceInitializer] overrideForTesting: Called _locator.registerSingleton for AccessibilityService with MockAccessibilityService.
[ServiceInitializer] overrideForTesting: VERIFIED - AccessibilityService IS registered in GetIt post-registration.
[ServiceInitializer] overrideForTesting: Processing type: NotificationService with impl: MockNotificationService
[ServiceInitializer] overrideForTesting: Registered NotificationService with MockNotificationService.
[ServiceInitializer] overrideForTesting: Processing type: ErrorHandler with impl: MockErrorHandler
[ServiceInitializer] overrideForTesting: Registered ErrorHandler with MockErrorHandler.
[ServiceInitializer] get<DocumentStorageService>: INFO - _locator.isRegistered<DocumentStorageService>() is TRUE right before attempting _locator<T>().
[ServiceInitializer] get<DocumentStorageService>() returning instance of type: MockDocumentStorageService
[ServiceInitializer] get<AuthService>: INFO - _locator.isRegistered<AuthService>() is TRUE right before attempting _locator<T>().
00:10 +22 -7: C:/flutter_projects/f35_flight_compensation/test/widget_test.dart: (setUpAll)
[ServiceInitializer] overrideForTesting: Registered NotificationService with MockNotificationService.
00:10 +22 -7: C:/flutter_projects/f35_flight_compensation/test/widget/screens/document_management_test.dart: Shows error message if fetching documents fails
[ServiceInitializer] get<AuthService>() returning instance of type: MockAuthService
[ServiceInitializer] get<LocalizationService>: INFO - _locator.isRegistered<LocalizationService>() is TRUE right before attempting _locator<T>().
[ServiceInitializer] get<LocalizationService>() returning instance of type: MockLocalizationService
[ServiceInitializer] get<ManualLocalizationService>: INFO - _locator.isRegistered<ManualLocalizationService>() is TRUE right before attempting _locator<T>().
[ServiceInitializer] get<ManualLocalizationService>() returning instance of type: MockManualLocalizationService
[ServiceInitializer] get<AccessibilityService>: INFO - _locator.isRegistered<AccessibilityService>() is TRUE right before attempting _locator<T>().
[ServiceInitializer] get<AccessibilityService>() returning instance of type: MockAccessibilityService
00:10 +23 -7: C:/flutter_projects/f35_flight_compensation/test/widget_test.dart: (setUpAll)
[ServiceInitializer] overrideForTesting: Processing type: ErrorHandler with impl: MockErrorHandler
[ServiceInitializer] overrideForTesting: Registered ErrorHandler with MockErrorHandler.
00:10 +23 -7: C:/flutter_projects/f35_flight_compensation/test/widget/screens/document_management_test.dart: Tapping delete button shows confirmation dialog
[ServiceInitializer] overrideForTesting() called. Setting _isTestMode = true.
[ServiceInitializer] overrideForTesting: Processing type: AuthService with impl: MockAuthService
[ServiceInitializer] overrideForTesting: Processing type: DocumentStorageService with impl: MockDocumentStorageService
[ServiceInitializer] overrideForTesting: Processing type: LocalizationService with impl: MockLocalizationService
[ServiceInitializer] overrideForTesting: Processing type: ManualLocalizationService with impl: MockManualLocalizationService
[ServiceInitializer] overrideForTesting: Registered ManualLocalizationService with MockManualLocalizationService.
[ServiceInitializer] overrideForTesting: Processing type: AccessibilityService with impl: MockAccessibilityService
[ServiceInitializer] overrideForTesting: Matched case AccessibilityService.
[ServiceInitializer] overrideForTesting: Called _locator.registerSingleton for AccessibilityService with MockAccessibilityService.
[ServiceInitializer] overrideForTesting: VERIFIED - AccessibilityService IS registered in GetIt post-registration.
[ServiceInitializer] overrideForTesting: Processing type: NotificationService with impl: MockNotificationService
[ServiceInitializer] overrideForTesting: Registered NotificationService with MockNotificationService.
[ServiceInitializer] overrideForTesting: Processing type: ErrorHandler with impl: MockErrorHandler
[ServiceInitializer] overrideForTesting: Registered ErrorHandler with MockErrorHandler.
[ServiceInitializer] get<DocumentStorageService>: INFO - _locator.isRegistered<DocumentStorageService>() is TRUE right before attempting _locator<T>().
[ServiceInitializer] get<DocumentStorageService>() returning instance of type: MockDocumentStorageService
[ServiceInitializer] get<AuthService>: INFO - _locator.isRegistered<AuthService>() is TRUE right before attempting _locator<T>().
[ServiceInitializer] get<AuthService>() returning instance of type: MockAuthService
[ServiceInitializer] get<LocalizationService>: INFO - _locator.isRegistered<LocalizationService>() is TRUE right before attempting _locator<T>().
[ServiceInitializer] get<LocalizationService>() returning instance of type: MockLocalizationService
[ServiceInitializer] get<ManualLocalizationService>: INFO - _locator.isRegistered<ManualLocalizationService>() is TRUE right before attempting _locator<T>().
[ServiceInitializer] get<ManualLocalizationService>() returning instance of type: MockManualLocalizationService
[ServiceInitializer] get<AccessibilityService>: INFO - _locator.isRegistered<AccessibilityService>() is TRUE right before attempting _locator<T>().
[ServiceInitializer] get<AccessibilityService>() returning instance of type: MockAccessibilityService
00:11 +24 -7: C:/flutter_projects/f35_flight_compensation/test/widget_test.dart: AuthGate loads initial screen when logged out
00:11 +24 -7: C:/flutter_projects/f35_flight_compensation/test/widget/screens/document_management_test.dart: Confirming deletion removes document from the list
[ServiceInitializer] overrideForTesting() called. Setting _isTestMode = true.
[ServiceInitializer] overrideForTesting: Processing type: AuthService with impl: MockAuthService
[ServiceInitializer] overrideForTesting: Processing type: DocumentStorageService with impl: MockDocumentStorageService
[ServiceInitializer] overrideForTesting: Processing type: LocalizationService with impl: MockLocalizationService
[ServiceInitializer] overrideForTesting: Processing type: ManualLocalizationService with impl: MockManualLocalizationService
[ServiceInitializer] overrideForTesting: Registered ManualLocalizationService with MockManualLocalizationService.
[ServiceInitializer] overrideForTesting: Processing type: AccessibilityService with impl: MockAccessibilityService
[ServiceInitializer] overrideForTesting: Matched case AccessibilityService.
[ServiceInitializer] overrideForTesting: Called _locator.registerSingleton for AccessibilityService with MockAccessibilityService.
[ServiceInitializer] overrideForTesting: VERIFIED - AccessibilityService IS registered in GetIt post-registration.
[ServiceInitializer] overrideForTesting: Processing type: NotificationService with impl: MockNotificationService
[ServiceInitializer] overrideForTesting: Registered NotificationService with MockNotificationService.
[ServiceInitializer] overrideForTesting: Processing type: ErrorHandler with impl: MockErrorHandler
[ServiceInitializer] overrideForTesting: Registered ErrorHandler with MockErrorHandler.
[ServiceInitializer] get<DocumentStorageService>: INFO - _locator.isRegistered<DocumentStorageService>() is TRUE right before attempting _locator<T>().
[ServiceInitializer] get<DocumentStorageService>() returning instance of type: MockDocumentStorageService
[ServiceInitializer] get<AuthService>: INFO - _locator.isRegistered<AuthService>() is TRUE right before attempting _locator<T>().
[ServiceInitializer] get<AuthService>() returning instance of type: MockAuthService
[ServiceInitializer] get<LocalizationService>: INFO - _locator.isRegistered<LocalizationService>() is TRUE right before attempting _locator<T>().
[ServiceInitializer] get<LocalizationService>() returning instance of type: MockLocalizationService
[ServiceInitializer] get<ManualLocalizationService>: INFO - _locator.isRegistered<ManualLocalizationService>() is TRUE right before attempting _locator<T>().
[ServiceInitializer] get<ManualLocalizationService>() returning instance of type: MockManualLocalizationService
[ServiceInitializer] get<AccessibilityService>: INFO - _locator.isRegistered<AccessibilityService>() is TRUE right before attempting _locator<T>().
[ServiceInitializer] get<AccessibilityService>() returning instance of type: MockAccessibilityService
00:11 +25 -7: C:/flutter_projects/f35_flight_compensation/test/widget_test.dart: AuthGate loads initial screen when logged out
[ServiceInitializer] get<AccessibilityService>: INFO - _locator.isRegistered<AccessibilityService>() is TRUE right before attempting _locator<T>().
[ServiceInitializer] get<AccessibilityService>() returning instance of type: MockAccessibilityService
[ServiceInitializer] get<LocalizationService>: INFO - _locator.isRegistered<LocalizationService>() is TRUE right before attempting _locator<T>().
[ServiceInitializer] get<LocalizationService>() returning instance of type: MockLocalizationService
[ServiceInitializer] get<AuthService>: INFO - _locator.isRegistered<AuthService>() is TRUE right before attempting _locator<T>().
[ServiceInitializer] get<AuthService>() returning instance of type: MockAuthService
[AuthViewModel Constructor] Initialized with AuthService of type: MockAuthService
00:13 +26 -7: C:/flutter_projects/f35_flight_compensation/test/widget_test.dart: (tearDownAll)
[ServiceInitializer] resetForTesting() called. Setting _isTestMode = false.
00:13 +26 -7: Some tests failed.
